Component: ARM Compiler 5.06 update 6 (build 750) Tool: armlink [4d35ed]

==============================================================================

Section Cross References

    main.o(.text) refers to _printf_percent.o(.ARM.Collect$$_printf_percent$$00000000) for _printf_percent
    main.o(.text) refers to _printf_f.o(.ARM.Collect$$_printf_percent$$00000003) for _printf_f
    main.o(.text) refers to printf1.o(x$fpl$printf1) for _printf_fp_dec
    main.o(.text) refers to it.o(.text) for millis
    main.o(.text) refers to dflt_clz.o(x$fpl$dfltu) for __aeabi_ui2d
    main.o(.text) refers to ddiv.o(x$fpl$ddiv) for __aeabi_ddiv
    main.o(.text) refers to d2f.o(x$fpl$d2f) for __aeabi_d2f
    main.o(.text) refers to f2d.o(x$fpl$f2d) for __aeabi_f2d
    main.o(.text) refers to __2sprintf.o(.text) for __2sprintf
    main.o(.text) refers to c89vsnprintf.o(.text) for __c89vsnprintf
    main.o(.text) refers to comms.o(.text) for SendBuffer
    main.o(.text) refers to system_gd32f1x0.o(.text) for SystemCoreClockUpdate
    main.o(.text) refers to setup.o(.text) for Watchdog_init
    main.o(.text) refers to gd32f1x0_gpio.o(.text) for gpio_bit_write
    main.o(.text) refers to bldc.o(.text) for SetPWM
    main.o(.text) refers to gd32f1x0_fwdgt.o(.text) for fwdgt_counter_reload
    main.o(.text) refers to main.o(.bss) for log_buffer
    main.o(.text) refers to system_gd32f1x0.o(.data) for SystemCoreClock
    main.o(.text) refers to bldc.o(.data) for buzzerFreq
    main.o(.text) refers to main.o(.data) for speed
    bldc.o(.text) refers to fflt_clz.o(x$fpl$ffltu) for __aeabi_ui2f
    bldc.o(.text) refers to f2d.o(x$fpl$f2d) for __aeabi_f2d
    bldc.o(.text) refers to dmul.o(x$fpl$dmul) for __aeabi_dmul
    bldc.o(.text) refers to daddsub_clz.o(x$fpl$dadd) for __aeabi_dadd
    bldc.o(.text) refers to d2f.o(x$fpl$d2f) for __aeabi_d2f
    bldc.o(.text) refers to gd32f1x0_gpio.o(.text) for gpio_bit_write
    bldc.o(.text) refers to dflt_clz.o(x$fpl$dflt) for __aeabi_i2d
    bldc.o(.text) refers to dleqf.o(x$fpl$dleqf) for __aeabi_cdcmple
    bldc.o(.text) refers to bldc.o(i.blockPWM) for blockPWM
    bldc.o(.text) refers to gd32f1x0_timer.o(.text) for timer_channel_output_pulse_value_config
    bldc.o(.text) refers to fdiv.o(x$fpl$fdiv) for __aeabi_fdiv
    bldc.o(.text) refers to bldc.o(.data) for bldc_enable
    bldc.o(.text) refers to main.o(.data) for bldc_counter
    bldc.o(.text) refers to bldc.o(.constdata) for hall_to_pos
    setup.o(.text) refers to gd32f1x0_misc.o(.text) for nvic_priority_group_set
    setup.o(.text) refers to gd32f1x0_rcu.o(.text) for rcu_flag_get
    setup.o(.text) refers to gd32f1x0_fwdgt.o(.text) for fwdgt_config
    setup.o(.text) refers to gd32f1x0_timer.o(.text) for timer_deinit
    setup.o(.text) refers to gd32f1x0_gpio.o(.text) for gpio_mode_set
    setup.o(.text) refers to setup.o(.bss) for timeoutTimer_paramter_struct
    setup.o(.text) refers to gd32f1x0_dma.o(.text) for dma_deinit
    setup.o(.text) refers to rt_memcpy_w.o(.text) for __aeabi_memcpy4
    setup.o(.text) refers to gd32f1x0_adc.o(.text) for adc_channel_length_config
    setup.o(.text) refers to gd32f1x0_usart.o(.text) for usart_baudrate_set
    setup.o(.text) refers to bldc.o(.data) for adc_buffer
    setup.o(.text) refers to setup.o(.data) for usartMasterSlave_rx_buf
    it.o(.text) refers to gd32f1x0_timer.o(.text) for timer_interrupt_flag_clear
    it.o(.text) refers to gd32f1x0_adc.o(.text) for adc_software_trigger_enable
    it.o(.text) refers to bldc.o(.text) for CalculateBLDC
    it.o(.text) refers to gd32f1x0_dma.o(.text) for dma_interrupt_flag_get
    it.o(.text) refers to commssteering.o(.text) for UpdateUSARTSteerInput
    it.o(.text) refers to commsmasterslave.o(.text) for UpdateUSARTMasterSlaveInput
    it.o(.text) refers to it.o(.data) for msTicks
    it.o(.text) refers to main.o(.data) for steer
    comms.o(.text) refers to gd32f1x0_usart.o(.text) for usart_data_transmit
    commssteering.o(.text) refers to comms.o(.text) for SendBuffer
    commssteering.o(.text) refers to it.o(.text) for ResetTimeout
    commssteering.o(.text) refers to main.o(.data) for speed
    commssteering.o(.text) refers to setup.o(.data) for usartSteer_COM_rx_buf
    commssteering.o(.text) refers to commssteering.o(.data) for sUSARTSteerRecordBufferCounter
    commsmasterslave.o(.text) refers to comms.o(.text) for CalcCRC
    commsmasterslave.o(.text) refers to gd32f1x0_gpio.o(.text) for gpio_bit_write
    commsmasterslave.o(.text) refers to main.o(.data) for beepsBackwards
    commsmasterslave.o(.text) refers to setup.o(.data) for usartMasterSlave_rx_buf
    commsmasterslave.o(.text) refers to commsmasterslave.o(.data) for sUSARTMasterSlaveRecordBufferCounter
    gd32f1x0_adc.o(.text) refers to gd32f1x0_rcu.o(.text) for rcu_periph_reset_enable
    gd32f1x0_gpio.o(.text) refers to gd32f1x0_rcu.o(.text) for rcu_periph_reset_enable
[...]
    HEAP                                     0x20000558   Section     1024  startup_gd32f1x0.o(HEAP)
    Heap_Mem                                 0x20000558   Data        1024  startup_gd32f1x0.o(HEAP)
    STACK                                    0x20000958   Section     1024  startup_gd32f1x0.o(STACK)
    Stack_Mem                                0x20000958   Data        1024  startup_gd32f1x0.o(STACK)
    __initial_sp                             0x20000d58   Data           0  startup_gd32f1x0.o(STACK)

    Global Symbols

    Symbol Name                              Value     Ov Type        Size  Object(Section)

    BuildAttributes$$THM_ISAv4$P$D$K$B$S$PE$A:L22UL41UL21$X:L11$S22US41US21$IEEE1$IW$USESV6$~STKCKD$USESV7$~SHL$OTIME$ROPI$IEEEJ$EBA8$UX$STANDARDLIB$REQ8$PRES8$EABIv2 0x00000000   Number         0  anon$$obj.o ABSOLUTE
    __ARM_use_no_argv                        0x00000000   Number         0  main.o ABSOLUTE
    _printf_flags                            0x00000000   Number         0  printf_stubs.o ABSOLUTE
    _printf_return_value                     0x00000000   Number         0  printf_stubs.o ABSOLUTE
    _printf_sizespec                         0x00000000   Number         0  printf_stubs.o ABSOLUTE
    _printf_widthprec                        0x00000000   Number         0  printf_stubs.o ABSOLUTE
    __ARM_exceptions_init                     - Undefined Weak Reference
    __alloca_initialize                       - Undefined Weak Reference
    __arm_preinit_                            - Undefined Weak Reference
    __cpp_initialize__aeabi_                  - Undefined Weak Reference
    __cxa_finalize                            - Undefined Weak Reference
    __sigvec_lookup                           - Undefined Weak Reference
    _atexit_init                              - Undefined Weak Reference
    _call_atexit_fns                          - Undefined Weak Reference
    _clock_init                               - Undefined Weak Reference
    _fp_trap_init                             - Undefined Weak Reference
    _fp_trap_shutdown                         - Undefined Weak Reference
    _get_lc_collate                           - Undefined Weak Reference
    _get_lc_monetary                          - Undefined Weak Reference
    _get_lc_time                              - Undefined Weak Reference
    _getenv_init                              - Undefined Weak Reference
    _handle_redirection                       - Undefined Weak Reference
    _init_alloc                               - Undefined Weak Reference
    _init_user_alloc                          - Undefined Weak Reference
    _initio                                   - Undefined Weak Reference
    _printf_fp_hex                            - Undefined Weak Reference
    _printf_mbtowc                            - Undefined Weak Reference
    _printf_wc                                - Undefined Weak Reference
    _rand_init                                - Undefined Weak Reference
    _signal_finish                            - Undefined Weak Reference
    _signal_init                              - Undefined Weak Reference
    _terminate_alloc                          - Undefined Weak Reference
    _terminate_user_alloc                     - Undefined Weak Reference
    _terminateio                              - Undefined Weak Reference
    __Vectors_Size                           0x00000168   Number         0  startup_gd32f1x0.o ABSOLUTE
    __Vectors                                0x08000000   Data           4  startup_gd32f1x0.o(RESET)
    __Vectors_End                            0x08000168   Data           0  startup_gd32f1x0.o(RESET)
    __main                                   0x08000169   Thumb Code     8  __main.o(!!!main)
    __scatterload                            0x08000171   Thumb Code     0  __scatter.o(!!!scatter)
    __scatterload_rt2                        0x08000171   Thumb Code    44  __scatter.o(!!!scatter)
    __scatterload_rt2_thumb_only             0x08000171   Thumb Code     0  __scatter.o(!!!scatter)
    __scatterload_null                       0x0800017f   Thumb Code     0  __scatter.o(!!!scatter)
    __scatterload_copy                       0x080001a5   Thumb Code    26  __scatter_copy.o(!!handler_copy)
    __scatterload_zeroinit                   0x080001c1   Thumb Code    28  __scatter_zi.o(!!handler_zi)
    _printf_n                                0x080001dd   Thumb Code     0  _printf_n.o(.ARM.Collect$$_printf_percent$$00000001)
    _printf_percent                          0x080001dd   Thumb Code     0  _printf_percent.o(.ARM.Collect$$_printf_percent$$00000000)
    _printf_p                                0x080001e3   Thumb Code     0  _printf_p.o(.ARM.Collect$$_printf_percent$$00000002)
    _printf_f                                0x080001e9   Thumb Code     0  _printf_f.o(.ARM.Collect$$_printf_percent$$00000003)
    _printf_e                                0x080001ef   Thumb Code     0  _printf_e.o(.ARM.Collect$$_printf_percent$$00000004)
    _printf_g                                0x080001f5   Thumb Code     0  _printf_g.o(.ARM.Collect$$_printf_percent$$00000005)
    _printf_a                                0x080001fb   Thumb Code     0  _printf_a.o(.ARM.Collect$$_printf_percent$$00000006)
    _printf_ll                               0x08000201   Thumb Code     0  _printf_ll.o(.ARM.Collect$$_printf_percent$$00000007)
    _printf_i                                0x0800020b   Thumb Code     0  _printf_i.o(.ARM.Collect$$_printf_percent$$00000008)
    _printf_d                                0x08000211   Thumb Code     0  _printf_d.o(.ARM.Collect$$_printf_percent$$00000009)
    _printf_u                                0x08000217   Thumb Code     0  _printf_u.o(.ARM.Collect$$_printf_percent$$0000000A)
    _printf_o                                0x0800021d   Thumb Code     0  _printf_o.o(.ARM.Collect$$_printf_percent$$0000000B)
    _printf_x                                0x08000223   Thumb Code     0  _printf_x.o(.ARM.Collect$$_printf_percent$$0000000C)
    _printf_lli                              0x08000229   Thumb Code     0  _printf_lli.o(.ARM.Collect$$_printf_percent$$0000000D)
    _printf_lld                              0x0800022f   Thumb Code     0  _printf_lld.o(.ARM.Collect$$_printf_percent$$0000000E)
    _printf_llu                              0x08000235   Thumb Code     0  _printf_llu.o(.ARM.Collect$$_printf_percent$$0000000F)
    _printf_llo                              0x0800023b   Thumb Code     0  _printf_llo.o(.ARM.Collect$$_printf_percent$$00000010)
    _printf_llx                              0x08000241   Thumb Code     0  _printf_llx.o(.ARM.Collect$$_printf_percent$$00000011)
    _printf_l                                0x08000247   Thumb Code     0  _printf_l.o(.ARM.Collect$$_printf_percent$$00000012)
    _printf_c                                0x08000251   Thumb Code     0  _printf_c.o(.ARM.Collect$$_printf_percent$$00000013)
    _printf_s                                0x08000257   Thumb Code     0  _printf_s.o(.ARM.Collect$$_printf_percent$$00000014)
    _printf_lc                               0x0800025d   Thumb Code     0  _printf_lc.o(.ARM.Collect$$_printf_percent$$00000015)
    _printf_ls                               0x08000263   Thumb Code     0  _printf_ls.o(.ARM.Collect$$_printf_percent$$00000016)
    _printf_percent_end                      0x08000269   Thumb Code     0  _printf_percent_end.o(.ARM.Collect$$_printf_percent$$00000017)
    __rt_lib_init                            0x0800026d   Thumb Code     0  libinit.o(.ARM.Collect$$libinit$$00000000)
    __rt_lib_init_fp_1                       0x0800026f   Thumb Code     0  libinit2.o(.ARM.Collect$$libinit$$00000002)
    __rt_lib_init_heap_1                     0x0800026f   Thumb Code     0  libinit2.o(.ARM.Collect$$libinit$$0000000A)
    __rt_lib_init_lc_common                  0x0800026f   Thumb Code     0  libinit2.o(.ARM.Collect$$libinit$$0000000F)
    __rt_lib_init_preinit_1                  0x0800026f   Thumb Code     0  libinit2.o(.ARM.Collect$$libinit$$00000004)
    __rt_lib_init_rand_1                     0x0800026f   Thumb Code     0  libinit2.o(.ARM.Collect$$libinit$$0000000E)
    __rt_lib_init_user_alloc_1               0x0800026f   Thumb Code     0  libinit2.o(.ARM.Collect$$libinit$$0000000C)
    __rt_lib_init_lc_collate_1               0x08000275   Thumb Code     0  libinit2.o(.ARM.Collect$$libinit$$00000011)
    __rt_lib_init_lc_ctype_2                 0x08000275   Thumb Code     0  libinit2.o(.ARM.Collect$$libinit$$00000012)
    __rt_lib_init_lc_ctype_1                 0x08000281   Thumb Code     0  libinit2.o(.ARM.Collect$$libinit$$00000013)
    __rt_lib_init_lc_monetary_1              0x08000281   Thumb Code     0  libinit2.o(.ARM.Collect$$libinit$$00000015)
    __rt_lib_init_lc_numeric_2               0x08000281   Thumb Code     0  libinit2.o(.ARM.Collect$$libinit$$00000016)
    __rt_lib_init_alloca_1                   0x0800028b   Thumb Code     0  libinit2.o(.ARM.Collect$$libinit$$0000002E)
    __rt_lib_init_argv_1                     0x0800028b   Thumb Code     0  libinit2.o(.ARM.Collect$$libinit$$0000002C)
    __rt_lib_init_atexit_1                   0x0800028b   Thumb Code     0  libinit2.o(.ARM.Collect$$libinit$$0000001B)
    __rt_lib_init_clock_1                    0x0800028b   Thumb Code     0  libinit2.o(.ARM.Collect$$libinit$$00000021)
    __rt_lib_init_cpp_1                      0x0800028b   Thumb Code     0  libinit2.o(.ARM.Collect$$libinit$$00000032)
    __rt_lib_init_exceptions_1               0x0800028b   Thumb Code     0  libinit2.o(.ARM.Collect$$libinit$$00000030)
    __rt_lib_init_fp_trap_1                  0x0800028b   Thumb Code     0  libinit2.o(.ARM.Collect$$libinit$$0000001F)
    __rt_lib_init_getenv_1                   0x0800028b   Thumb Code     0  libinit2.o(.ARM.Collect$$libinit$$00000023)
    __rt_lib_init_lc_numeric_1               0x0800028b   Thumb Code     0  libinit2.o(.ARM.Collect$$libinit$$00000017)
    __rt_lib_init_lc_time_1                  0x0800028b   Thumb Code     0  libinit2.o(.ARM.Collect$$libinit$$00000019)
    __rt_lib_init_return                     0x0800028b   Thumb Code     0  libinit2.o(.ARM.Collect$$libinit$$00000033)
    __rt_lib_init_signal_1                   0x0800028b   Thumb Code     0  libinit2.o(.ARM.Collect$$libinit$$0000001D)
    __rt_lib_init_stdio_1                    0x0800028b   Thumb Code     0  libinit2.o(.ARM.Collect$$libinit$$00000025)
    __rt_lib_shutdown                        0x0800028d   Thumb Code     0  libshutdown.o(.ARM.Collect$$libshutdown$$00000000)
    __rt_lib_shutdown_cpp_1                  0x0800028f   Thumb Code     0  libshutdown2.o(.ARM.Collect$$libshutdown$$00000002)
    __rt_lib_shutdown_fp_trap_1              0x0800028f   Thumb Code     0  libshutdown2.o(.ARM.Collect$$libshutdown$$00000007)
    __rt_lib_shutdown_heap_1                 0x0800028f   Thumb Code     0  libshutdown2.o(.ARM.Collect$$libshutdown$$0000000F)
    __rt_lib_shutdown_return                 0x0800028f   Thumb Code     0  libshutdown2.o(.ARM.Collect$$libshutdown$$00000010)
    __rt_lib_shutdown_signal_1               0x0800028f   Thumb Code     0  libshutdown2.o(.ARM.Collect$$libshutdown$$0000000A)
    __rt_lib_shutdown_stdio_1                0x0800028f   Thumb Code     0  libshutdown2.o(.ARM.Collect$$libshutdown$$00000004)
    __rt_lib_shutdown_user_alloc_1           0x0800028f   Thumb Code     0  libshutdown2.o(.ARM.Collect$$libshutdown$$0000000C)
    __rt_entry                               0x08000291   Thumb Code     0  __rtentry.o(.ARM.Collect$$rtentry$$00000000)
    __rt_entry_presh_1                       0x08000291   Thumb Code     0  __rtentry2.o(.ARM.Collect$$rtentry$$00000002)
    __rt_entry_sh                            0x08000291   Thumb Code     0  __rtentry4.o(.ARM.Collect$$rtentry$$00000004)
    __rt_entry_li                            0x08000297   Thumb Code     0  __rtentry2.o(.ARM.Collect$$rtentry$$0000000A)
    __rt_entry_postsh_1                      0x08000297   Thumb Code     0  __rtentry2.o(.ARM.Collect$$rtentry$$00000009)
    __rt_entry_main                          0x0800029b   Thumb Code     0  __rtentry2.o(.ARM.Collect$$rtentry$$0000000D)
    __rt_entry_postli_1                      0x0800029b   Thumb Code     0  __rtentry2.o(.ARM.Collect$$rtentry$$0000000C)
    __rt_exit                                0x080002a3   Thumb Code     0  rtexit.o(.ARM.Collect$$rtexit$$00000000)
    __rt_exit_ls                             0x080002a5   Thumb Code     0  rtexit2.o(.ARM.Collect$$rtexit$$00000003)
    __rt_exit_prels_1                        0x080002a5   Thumb Code     0  rtexit2.o(.ARM.Collect$$rtexit$$00000002)
    __rt_exit_exit                           0x080002a9   Thumb Code     0  rtexit2.o(.ARM.Collect$$rtexit$$00000004)
    Log                                      0x080002b1   Thumb Code   104  main.o(.text)
    main                                     0x08000319   Thumb Code   364  main.o(.text)
    ShutOff                                  0x08000485   Thumb Code     2  main.o(.text)
    ShowBatteryState                         0x08000487   Thumb Code    78  main.o(.text)
    BeepsBackwards                           0x080004d5   Thumb Code    40  main.o(.text)
    SetEnable                                0x080005a1   Thumb Code     6  bldc.o(.text)
    SetPWM                                   0x080005a7   Thumb Code    30  bldc.o(.text)
    CalculateBLDC                            0x080005c5   Thumb Code   750  bldc.o(.text)
    Interrupt_init                           0x08000939   Thumb Code    12  setup.o(.text)
    Watchdog_init                            0x08000945   Thumb Code    50  setup.o(.text)
    TimeoutTimer_init                        0x08000977   Thumb Code    80  setup.o(.text)
    GPIO_init                                0x080009c7   Thumb Code   638  setup.o(.text)
    PWM_init                                 0x08000c45   Thumb Code   394  setup.o(.text)
    ADC_init                                 0x08000dcf   Thumb Code   226  setup.o(.text)
    USART_MasterSlave_init                   0x08000eb1   Thumb Code   198  setup.o(.text)
    USART_Steer_COM_init                     0x08000f77   Thumb Code   206  setup.o(.text)
    SysTick_Handler                          0x08001069   Thumb Code    12  it.o(.text)
    ResetTimeout                             0x08001075   Thumb Code     8  it.o(.text)
    TIMER13_IRQHandler                       0x0800107d   Thumb Code    60  it.o(.text)
    TIMER0_BRK_UP_TRG_COM_IRQHandler         0x080010b9   Thumb Code    18  it.o(.text)
    DMA_Channel0_IRQHandler                  0x080010cb   Thumb Code    26  it.o(.text)
    DMA_Channel1_2_IRQHandler                0x080010e5   Thumb Code    26  it.o(.text)
    DMA_Channel3_4_IRQHandler                0x080010ff   Thumb Code    26  it.o(.text)
    millis                                   0x08001119   Thumb Code     6  it.o(.text)
    Delay                                    0x0800111f   Thumb Code    20  it.o(.text)
    NMI_Handler                              0x08001133   Thumb Code     2  it.o(.text)
    HardFault_Handler                        0x08001135   Thumb Code     4  it.o(.text)
    MemManage_Handler                        0x08001139   Thumb Code     4  it.o(.text)
    BusFault_Handler                         0x0800113d   Thumb Code     4  it.o(.text)
    UsageFault_Handler                       0x08001141   Thumb Code     4  it.o(.text)
    SVC_Handler                              0x08001145   Thumb Code     2  it.o(.text)
    DebugMon_Handler                         0x08001147   Thumb Code     2  it.o(.text)
    PendSV_Handler                           0x08001149   Thumb Code     2  it.o(.text)
    SendBuffer                               0x08001169   Thumb Code    50  comms.o(.text)
    CalcCRC                                  0x0800119b   Thumb Code    62  comms.o(.text)
    SendSteerDevice                          0x080011d9   Thumb Code    36  commssteering.o(.text)
    CheckUSARTSteerInput                     0x080011fd   Thumb Code    82  commssteering.o(.text)
    UpdateUSARTSteerInput                    0x0800124f   Thumb Code    70  commssteering.o(.text)
    CheckUSARTMasterSlaveInput               0x080012b1   Thumb Code    96  commsmasterslave.o(.text)
    UpdateUSARTMasterSlaveInput              0x08001311   Thumb Code    70  commsmasterslave.o(.text)
    SendSlave                                0x08001357   Thumb Code   226  commsmasterslave.o(.text)
    adc_deinit                               0x08001459   Thumb Code    20  gd32f1x0_adc.o(.text)
    adc_enable                               0x0800146d   Thumb Code    24  gd32f1x0_adc.o(.text)
    adc_disable                              0x08001485   Thumb Code    14  gd32f1x0_adc.o(.text)
    adc_calibration_enable                   0x08001493   Thumb Code    54  gd32f1x0_adc.o(.text)
    adc_dma_mode_enable                      0x080014c9   Thumb Code    14  gd32f1x0_adc.o(.text)
    adc_dma_mode_disable                     0x080014d7   Thumb Code    14  gd32f1x0_adc.o(.text)
    adc_tempsensor_vrefint_enable            0x080014e5   Thumb Code    14  gd32f1x0_adc.o(.text)
    adc_tempsensor_vrefint_disable           0x080014f3   Thumb Code    14  gd32f1x0_adc.o(.text)
    adc_vbat_enable                          0x08001501   Thumb Code    14  gd32f1x0_adc.o(.text)
    adc_vbat_disable                         0x0800150f   Thumb Code    14  gd32f1x0_adc.o(.text)
    adc_discontinuous_mode_config            0x0800151d   Thumb Code    94  gd32f1x0_adc.o(.text)
    adc_special_function_config              0x0800157b   Thumb Code   130  gd32f1x0_adc.o(.text)
    adc_data_alignment_config                0x080015fd   Thumb Code    30  gd32f1x0_adc.o(.text)
    adc_channel_length_config                0x0800161b   Thumb Code    88  gd32f1x0_adc.o(.text)
    adc_regular_channel_config               0x08001673   Thumb Code   218  gd32f1x0_adc.o(.text)
    adc_inserted_channel_config              0x0800174d   Thumb Code   146  gd32f1x0_adc.o(.text)
    adc_inserted_channel_offset_config       0x080017df   Thumb Code    42  gd32f1x0_adc.o(.text)
    adc_external_trigger_config              0x08001809   Thumb Code    88  gd32f1x0_adc.o(.text)
    adc_external_trigger_source_config       0x08001861   Thumb Code    60  gd32f1x0_adc.o(.text)
    adc_software_trigger_enable              0x0800189d   Thumb Code    38  gd32f1x0_adc.o(.text)
    adc_regular_data_read                    0x080018c3   Thumb Code    10  gd32f1x0_adc.o(.text)
    adc_inserted_data_read                   0x080018cd   Thumb Code    60  gd32f1x0_adc.o(.text)
    adc_flag_get                             0x08001909   Thumb Code    18  gd32f1x0_adc.o(.text)
    adc_flag_clear                           0x0800191b   Thumb Code    16  gd32f1x0_adc.o(.text)
    adc_interrupt_flag_get                   0x0800192b   Thumb Code   108  gd32f1x0_adc.o(.text)
    adc_interrupt_flag_clear                 0x08001997   Thumb Code    16  gd32f1x0_adc.o(.text)
    adc_interrupt_enable                     0x080019a7   Thumb Code    68  gd32f1x0_adc.o(.text)
    adc_interrupt_disable                    0x080019eb   Thumb Code    68  gd32f1x0_adc.o(.text)
    adc_watchdog_single_channel_enable       0x08001a2f   Thumb Code    40  gd32f1x0_adc.o(.text)
    adc_watchdog_group_channel_enable        0x08001a57   Thumb Code    92  gd32f1x0_adc.o(.text)
    adc_watchdog_disable                     0x08001ab3   Thumb Code    18  gd32f1x0_adc.o(.text)
    adc_watchdog_threshold_config            0x08001ac5   Thumb Code    12  gd32f1x0_adc.o(.text)
    dma_deinit                               0x08001add   Thumb Code    88  gd32f1x0_dma.o(.text)
    dma_init                                 0x08001b35   Thumb Code   270  gd32f1x0_dma.o(.text)
    dma_circulation_enable                   0x08001c43   Thumb Code    30  gd32f1x0_dma.o(.text)
    dma_circulation_disable                  0x08001c61   Thumb Code    30  gd32f1x0_dma.o(.text)
    dma_memory_to_memory_enable              0x08001c7f   Thumb Code    30  gd32f1x0_dma.o(.text)
    dma_memory_to_memory_disable             0x08001c9d   Thumb Code    30  gd32f1x0_dma.o(.text)
    dma_channel_enable                       0x08001cbb   Thumb Code    30  gd32f1x0_dma.o(.text)
    dma_channel_disable                      0x08001cd9   Thumb Code    30  gd32f1x0_dma.o(.text)
    dma_periph_address_config                0x08001cf7   Thumb Code    14  gd32f1x0_dma.o(.text)
    dma_memory_address_config                0x08001d05   Thumb Code    14  gd32f1x0_dma.o(.text)
    dma_transfer_number_config               0x08001d13   Thumb Code    14  gd32f1x0_dma.o(.text)
    dma_transfer_number_get                  0x08001d21   Thumb Code    16  gd32f1x0_dma.o(.text)
    dma_priority_config                      0x08001d31   Thumb Code    34  gd32f1x0_dma.o(.text)
    dma_memory_width_config                  0x08001d53   Thumb Code    34  gd32f1x0_dma.o(.text)
    dma_periph_width_config                  0x08001d75   Thumb Code    34  gd32f1x0_dma.o(.text)
    dma_memory_increase_enable               0x08001d97   Thumb Code    30  gd32f1x0_dma.o(.text)
    dma_memory_increase_disable              0x08001db5   Thumb Code    30  gd32f1x0_dma.o(.text)
    dma_periph_increase_enable               0x08001dd3   Thumb Code    30  gd32f1x0_dma.o(.text)
    dma_periph_increase_disable              0x08001df1   Thumb Code    30  gd32f1x0_dma.o(.text)
    dma_transfer_direction_config            0x08001e0f   Thumb Code    64  gd32f1x0_dma.o(.text)
    dma_interrupt_flag_get                   0x08001e4f   Thumb Code   196  gd32f1x0_dma.o(.text)
    dma_interrupt_flag_clear                 0x08001f13   Thumb Code    18  gd32f1x0_dma.o(.text)
    dma_interrupt_enable                     0x08001f25   Thumb Code    30  gd32f1x0_dma.o(.text)
    dma_interrupt_disable                    0x08001f43   Thumb Code    30  gd32f1x0_dma.o(.text)
    dma_flag_get                             0x08001f61   Thumb Code    26  gd32f1x0_dma.o(.text)
    dma_flag_clear                           0x08001f7b   Thumb Code    18  gd32f1x0_dma.o(.text)
    fwdgt_write_disable                      0x08001f91   Thumb Code     8  gd32f1x0_fwdgt.o(.text)
    fwdgt_counter_reload                     0x08001f99   Thumb Code    10  gd32f1x0_fwdgt.o(.text)
    fwdgt_enable                             0x08001fa3   Thumb Code    10  gd32f1x0_fwdgt.o(.text)
    fwdgt_window_value_config                0x08001fad   Thumb Code    54  gd32f1x0_fwdgt.o(.text)
    fwdgt_config                             0x08001fe3   Thumb Code    94  gd32f1x0_fwdgt.o(.text)
    fwdgt_flag_get                           0x08002041   Thumb Code    18  gd32f1x0_fwdgt.o(.text)
    gpio_deinit                              0x0800205d   Thumb Code   140  gd32f1x0_gpio.o(.text)
    gpio_mode_set                            0x080020e9   Thumb Code    78  gd32f1x0_gpio.o(.text)
    gpio_output_options_set                  0x08002137   Thumb Code    66  gd32f1x0_gpio.o(.text)
    gpio_bit_set                             0x08002179   Thumb Code     4  gd32f1x0_gpio.o(.text)
    gpio_bit_reset                           0x0800217d   Thumb Code     4  gd32f1x0_gpio.o(.text)
    gpio_bit_write                           0x08002181   Thumb Code    10  gd32f1x0_gpio.o(.text)
    gpio_port_write                          0x0800218b   Thumb Code     4  gd32f1x0_gpio.o(.text)
    gpio_input_bit_get                       0x0800218f   Thumb Code    16  gd32f1x0_gpio.o(.text)
    gpio_input_port_get                      0x0800219f   Thumb Code     8  gd32f1x0_gpio.o(.text)
    gpio_output_bit_get                      0x080021a7   Thumb Code    16  gd32f1x0_gpio.o(.text)
    gpio_output_port_get                     0x080021b7   Thumb Code     8  gd32f1x0_gpio.o(.text)
    gpio_af_set                              0x080021bf   Thumb Code    94  gd32f1x0_gpio.o(.text)
    gpio_pin_lock                            0x0800221d   Thumb Code    18  gd32f1x0_gpio.o(.text)
    nvic_priority_group_set                  0x08002239   Thumb Code    10  gd32f1x0_misc.o(.text)
    nvic_irq_enable                          0x08002243   Thumb Code   156  gd32f1x0_misc.o(.text)
    nvic_irq_disable                         0x080022df   Thumb Code    18  gd32f1x0_misc.o(.text)
    nvic_vector_table_set                    0x080022f1   Thumb Code    14  gd32f1x0_misc.o(.text)
    system_lowpower_set                      0x080022ff   Thumb Code    16  gd32f1x0_misc.o(.text)
    system_lowpower_reset                    0x0800230f   Thumb Code    16  gd32f1x0_misc.o(.text)
    systick_clksource_set                    0x0800231f   Thumb Code    40  gd32f1x0_misc.o(.text)
    rcu_deinit                               0x0800235d   Thumb Code   112  gd32f1x0_rcu.o(.text)
    rcu_periph_clock_enable                  0x080023cd   Thumb Code    28  gd32f1x0_rcu.o(.text)
    rcu_periph_clock_disable                 0x080023e9   Thumb Code    28  gd32f1x0_rcu.o(.text)
    rcu_periph_clock_sleep_enable            0x08002405   Thumb Code    28  gd32f1x0_rcu.o(.text)
    rcu_periph_clock_sleep_disable           0x08002421   Thumb Code    28  gd32f1x0_rcu.o(.text)
    rcu_periph_reset_enable                  0x0800243d   Thumb Code    28  gd32f1x0_rcu.o(.text)
    rcu_periph_reset_disable                 0x08002459   Thumb Code    28  gd32f1x0_rcu.o(.text)
    rcu_bkp_reset_enable                     0x08002475   Thumb Code    14  gd32f1x0_rcu.o(.text)
    rcu_bkp_reset_disable                    0x08002483   Thumb Code    14  gd32f1x0_rcu.o(.text)
    rcu_system_clock_source_config           0x08002491   Thumb Code    22  gd32f1x0_rcu.o(.text)
    rcu_system_clock_source_get              0x080024a7   Thumb Code    10  gd32f1x0_rcu.o(.text)
    rcu_ahb_clock_config                     0x080024b1   Thumb Code    22  gd32f1x0_rcu.o(.text)
    rcu_apb1_clock_config                    0x080024c7   Thumb Code    22  gd32f1x0_rcu.o(.text)
    rcu_apb2_clock_config                    0x080024dd   Thumb Code    22  gd32f1x0_rcu.o(.text)
    rcu_adc_clock_config                     0x080024f3   Thumb Code   148  gd32f1x0_rcu.o(.text)
    rcu_usbd_clock_config                    0x08002587   Thumb Code    22  gd32f1x0_rcu.o(.text)
    rcu_ckout_config                         0x0800259d   Thumb Code    24  gd32f1x0_rcu.o(.text)
    rcu_pll_config                           0x080025b5   Thumb Code    28  gd32f1x0_rcu.o(.text)
    rcu_usart_clock_config                   0x080025d1   Thumb Code    22  gd32f1x0_rcu.o(.text)
    rcu_cec_clock_config                     0x080025e7   Thumb Code    22  gd32f1x0_rcu.o(.text)
    rcu_rtc_clock_config                     0x080025fd   Thumb Code    22  gd32f1x0_rcu.o(.text)
    rcu_hxtal_prediv_config                  0x08002613   Thumb Code    20  gd32f1x0_rcu.o(.text)
    rcu_lxtal_drive_capability_config        0x08002627   Thumb Code    22  gd32f1x0_rcu.o(.text)
    rcu_flag_get                             0x0800263d   Thumb Code    30  gd32f1x0_rcu.o(.text)
    rcu_all_reset_flag_clear                 0x0800265b   Thumb Code    14  gd32f1x0_rcu.o(.text)
    rcu_interrupt_flag_get                   0x08002669   Thumb Code    18  gd32f1x0_rcu.o(.text)
    rcu_interrupt_flag_clear                 0x0800267b   Thumb Code    12  gd32f1x0_rcu.o(.text)
    rcu_interrupt_enable                     0x08002687   Thumb Code    12  gd32f1x0_rcu.o(.text)
    rcu_interrupt_disable                    0x08002693   Thumb Code    12  gd32f1x0_rcu.o(.text)
    rcu_osci_stab_wait                       0x0800269f   Thumb Code   284  gd32f1x0_rcu.o(.text)
    rcu_osci_on                              0x080027bb   Thumb Code    28  gd32f1x0_rcu.o(.text)
    rcu_osci_off                             0x080027d7   Thumb Code    28  gd32f1x0_rcu.o(.text)
    rcu_osci_bypass_mode_enable              0x080027f3   Thumb Code    94  gd32f1x0_rcu.o(.text)
    rcu_osci_bypass_mode_disable             0x08002851   Thumb Code    94  gd32f1x0_rcu.o(.text)
    rcu_hxtal_clock_monitor_enable           0x080028af   Thumb Code    14  gd32f1x0_rcu.o(.text)
    rcu_hxtal_clock_monitor_disable          0x080028bd   Thumb Code    14  gd32f1x0_rcu.o(.text)
    rcu_irc8m_adjust_value_set               0x080028cb   Thumb Code    20  gd32f1x0_rcu.o(.text)
    rcu_irc14m_adjust_value_set              0x080028df   Thumb Code    20  gd32f1x0_rcu.o(.text)
    rcu_voltage_key_unlock                   0x080028f3   Thumb Code    28  gd32f1x0_rcu.o(.text)
    rcu_deepsleep_voltage_set                0x0800290f   Thumb Code    30  gd32f1x0_rcu.o(.text)
    rcu_power_down_voltage_set               0x0800292d   Thumb Code    30  gd32f1x0_rcu.o(.text)
    rcu_clock_freq_get                       0x0800294b   Thumb Code   690  gd32f1x0_rcu.o(.text)
    timer_deinit                             0x08002c05   Thumb Code   210  gd32f1x0_timer.o(.text)
    timer_init                               0x08002cd7   Thumb Code   126  gd32f1x0_timer.o(.text)
    timer_enable                             0x08002d55   Thumb Code    10  gd32f1x0_timer.o(.text)
    timer_disable                            0x08002d5f   Thumb Code    10  gd32f1x0_timer.o(.text)
    timer_auto_reload_shadow_enable          0x08002d69   Thumb Code    10  gd32f1x0_timer.o(.text)
    timer_auto_reload_shadow_disable         0x08002d73   Thumb Code    10  gd32f1x0_timer.o(.text)
    timer_update_event_enable                0x08002d7d   Thumb Code    10  gd32f1x0_timer.o(.text)
    timer_update_event_disable               0x08002d87   Thumb Code    10  gd32f1x0_timer.o(.text)
    timer_counter_alignment                  0x08002d91   Thumb Code    16  gd32f1x0_timer.o(.text)
    timer_counter_up_direction               0x08002da1   Thumb Code    14  gd32f1x0_timer.o(.text)
    timer_counter_down_direction             0x08002daf   Thumb Code    18  gd32f1x0_timer.o(.text)
    timer_prescaler_config                   0x08002dc1   Thumb Code    14  gd32f1x0_timer.o(.text)
    timer_repetition_value_config            0x08002dcf   Thumb Code     4  gd32f1x0_timer.o(.text)
    timer_autoreload_value_config            0x08002dd3   Thumb Code     4  gd32f1x0_timer.o(.text)
    timer_counter_value_config               0x08002dd7   Thumb Code     4  gd32f1x0_timer.o(.text)
    timer_counter_read                       0x08002ddb   Thumb Code     8  gd32f1x0_timer.o(.text)
    timer_prescaler_read                     0x08002de3   Thumb Code    10  gd32f1x0_timer.o(.text)
    timer_single_pulse_mode_config           0x08002ded   Thumb Code    26  gd32f1x0_timer.o(.text)
    timer_update_source_config               0x08002e07   Thumb Code    26  gd32f1x0_timer.o(.text)
    timer_interrupt_enable                   0x08002e21   Thumb Code     8  gd32f1x0_timer.o(.text)
    timer_interrupt_disable                  0x08002e29   Thumb Code     8  gd32f1x0_timer.o(.text)
    timer_interrupt_flag_get                 0x08002e31   Thumb Code    32  gd32f1x0_timer.o(.text)
    timer_interrupt_flag_clear               0x08002e51   Thumb Code     8  gd32f1x0_timer.o(.text)
    timer_flag_get                           0x08002e59   Thumb Code    18  gd32f1x0_timer.o(.text)
    timer_flag_clear                         0x08002e6b   Thumb Code     8  gd32f1x0_timer.o(.text)
    timer_dma_enable                         0x08002e73   Thumb Code     8  gd32f1x0_timer.o(.text)
    timer_dma_disable                        0x08002e7b   Thumb Code     8  gd32f1x0_timer.o(.text)
    timer_channel_dma_request_source_select  0x08002e83   Thumb Code    26  gd32f1x0_timer.o(.text)
    timer_dma_transfer_config                0x08002e9d   Thumb Code    24  gd32f1x0_timer.o(.text)
    timer_event_software_generate            0x08002eb5   Thumb Code     8  gd32f1x0_timer.o(.text)
    timer_break_config                       0x08002ebd   Thumb Code    30  gd32f1x0_timer.o(.text)
    timer_break_enable                       0x08002edb   Thumb Code    10  gd32f1x0_timer.o(.text)
    timer_break_disable                      0x08002ee5   Thumb Code     8  gd32f1x0_timer.o(.text)
    timer_automatic_output_enable            0x08002eed   Thumb Code    10  gd32f1x0_timer.o(.text)
    timer_automatic_output_disable           0x08002ef7   Thumb Code     8  gd32f1x0_timer.o(.text)
    timer_primary_output_config              0x08002eff   Thumb Code    22  gd32f1x0_timer.o(.text)
    timer_channel_control_shadow_config      0x08002f15   Thumb Code    22  gd32f1x0_timer.o(.text)
    timer_channel_control_shadow_update_config 0x08002f2b   Thumb Code    26  gd32f1x0_timer.o(.text)
    timer_channel_output_config              0x08002f45   Thumb Code   472  gd32f1x0_timer.o(.text)
    timer_channel_output_mode_config         0x0800311d   Thumb Code    90  gd32f1x0_timer.o(.text)
    timer_channel_output_pulse_value_config  0x08003177   Thumb Code    38  gd32f1x0_timer.o(.text)
    timer_channel_output_shadow_config       0x0800319d   Thumb Code    90  gd32f1x0_timer.o(.text)
    timer_channel_output_fast_config         0x080031f7   Thumb Code    90  gd32f1x0_timer.o(.text)
    timer_channel_output_clear_config        0x08003251   Thumb Code    90  gd32f1x0_timer.o(.text)
    timer_channel_output_polarity_config     0x080032ab   Thumb Code    92  gd32f1x0_timer.o(.text)
    timer_channel_complementary_output_polarity_config 0x08003307   Thumb Code    70  gd32f1x0_timer.o(.text)
    timer_ocpre_clear_source_config          0x0800334d   Thumb Code    26  gd32f1x0_timer.o(.text)
    timer_channel_output_state_config        0x08003367   Thumb Code    92  gd32f1x0_timer.o(.text)
    timer_channel_complementary_output_state_config 0x080033c3   Thumb Code    70  gd32f1x0_timer.o(.text)
    timer_channel_input_capture_prescaler_config 0x08003409   Thumb Code    90  gd32f1x0_timer.o(.text)
    timer_input_capture_config               0x08003463   Thumb Code   332  gd32f1x0_timer.o(.text)
    timer_channel_capture_value_register_read 0x080035af   Thumb Code    42  gd32f1x0_timer.o(.text)
    timer_input_pwm_capture_config           0x080035d9   Thumb Code   352  gd32f1x0_timer.o(.text)
    timer_hall_mode_config                   0x08003739   Thumb Code    26  gd32f1x0_timer.o(.text)
    timer_input_trigger_source_select        0x08003753   Thumb Code    16  gd32f1x0_timer.o(.text)
    timer_master_output_trigger_source_select 0x08003763   Thumb Code    16  gd32f1x0_timer.o(.text)
    timer_slave_mode_select                  0x08003773   Thumb Code    16  gd32f1x0_timer.o(.text)
    timer_master_slave_mode_config           0x08003783   Thumb Code    26  gd32f1x0_timer.o(.text)
    timer_external_trigger_config            0x0800379d   Thumb Code    30  gd32f1x0_timer.o(.text)
    timer_quadrature_decoder_mode_config     0x080037bb   Thumb Code    64  gd32f1x0_timer.o(.text)
    timer_internal_clock_config              0x080037fb   Thumb Code     8  gd32f1x0_timer.o(.text)
    timer_internal_trigger_as_external_clock_config 0x08003803   Thumb Code    32  gd32f1x0_timer.o(.text)
    timer_external_trigger_as_external_clock_config 0x08003823   Thumb Code   164  gd32f1x0_timer.o(.text)
    timer_external_clock_mode0_config        0x080038c7   Thumb Code    56  gd32f1x0_timer.o(.text)
    timer_external_clock_mode1_config        0x080038ff   Thumb Code    32  gd32f1x0_timer.o(.text)
    timer_external_clock_mode1_disable       0x0800391f   Thumb Code    10  gd32f1x0_timer.o(.text)
    timer_channel_remap_config               0x08003929   Thumb Code     6  gd32f1x0_timer.o(.text)
    usart_deinit                             0x08003931   Thumb Code    58  gd32f1x0_usart.o(.text)
    usart_baudrate_set                       0x0800396b   Thumb Code   120  gd32f1x0_usart.o(.text)
    usart_parity_config                      0x080039e3   Thumb Code    24  gd32f1x0_usart.o(.text)
    usart_word_length_set                    0x080039fb   Thumb Code    24  gd32f1x0_usart.o(.text)
    usart_stop_bit_set                       0x08003a13   Thumb Code    24  gd32f1x0_usart.o(.text)
    usart_enable                             0x08003a2b   Thumb Code    10  gd32f1x0_usart.o(.text)
    usart_disable                            0x08003a35   Thumb Code    10  gd32f1x0_usart.o(.text)
    usart_transmit_config                    0x08003a3f   Thumb Code    16  gd32f1x0_usart.o(.text)
    usart_receive_config                     0x08003a4f   Thumb Code    16  gd32f1x0_usart.o(.text)
    usart_data_transmit                      0x08003a5f   Thumb Code     8  gd32f1x0_usart.o(.text)
    usart_data_receive                       0x08003a67   Thumb Code    10  gd32f1x0_usart.o(.text)
    usart_data_first_config                  0x08003a71   Thumb Code    28  gd32f1x0_usart.o(.text)
    usart_invert_config                      0x08003a8d   Thumb Code   110  gd32f1x0_usart.o(.text)
    usart_overrun_enable                     0x08003afb   Thumb Code    18  gd32f1x0_usart.o(.text)
    usart_overrun_disable                    0x08003b0d   Thumb Code    18  gd32f1x0_usart.o(.text)
    usart_oversample_config                  0x08003b1f   Thumb Code    24  gd32f1x0_usart.o(.text)
    usart_sample_bit_config                  0x08003b37   Thumb Code    24  gd32f1x0_usart.o(.text)
    usart_autobaud_detection_enable          0x08003b4f   Thumb Code    10  gd32f1x0_usart.o(.text)
    usart_autobaud_detection_disable         0x08003b59   Thumb Code    10  gd32f1x0_usart.o(.text)
    usart_autobaud_detection_mode_config     0x08003b63   Thumb Code    16  gd32f1x0_usart.o(.text)
    usart_mute_mode_enable                   0x08003b73   Thumb Code    10  gd32f1x0_usart.o(.text)
    usart_mute_mode_disable                  0x08003b7d   Thumb Code    10  gd32f1x0_usart.o(.text)
    usart_mute_mode_wakeup_config            0x08003b87   Thumb Code    24  gd32f1x0_usart.o(.text)
    usart_address_detection_mode_config      0x08003b9f   Thumb Code    28  gd32f1x0_usart.o(.text)
    usart_address_config                     0x08003bbb   Thumb Code    32  gd32f1x0_usart.o(.text)
    usart_receiver_timeout_enable            0x08003bdb   Thumb Code    10  gd32f1x0_usart.o(.text)
    usart_receiver_timeout_disable           0x08003be5   Thumb Code    10  gd32f1x0_usart.o(.text)
    usart_receiver_timeout_config            0x08003bef   Thumb Code    16  gd32f1x0_usart.o(.text)
    usart_lin_mode_enable                    0x08003bff   Thumb Code    18  gd32f1x0_usart.o(.text)
    usart_lin_mode_disable                   0x08003c11   Thumb Code    18  gd32f1x0_usart.o(.text)
    usart_lin_break_dection_length_config    0x08003c23   Thumb Code    20  gd32f1x0_usart.o(.text)
    usart_halfduplex_enable                  0x08003c37   Thumb Code    18  gd32f1x0_usart.o(.text)
    usart_halfduplex_disable                 0x08003c49   Thumb Code    18  gd32f1x0_usart.o(.text)
    usart_clock_enable                       0x08003c5b   Thumb Code    18  gd32f1x0_usart.o(.text)
    usart_clock_disable                      0x08003c6d   Thumb Code    18  gd32f1x0_usart.o(.text)
    usart_synchronous_clock_config           0x08003c7f   Thumb Code    50  gd32f1x0_usart.o(.text)
    usart_smartcard_mode_enable              0x08003cb1   Thumb Code    18  gd32f1x0_usart.o(.text)
    usart_smartcard_mode_disable             0x08003cc3   Thumb Code    18  gd32f1x0_usart.o(.text)
    usart_smartcard_mode_nack_enable         0x08003cd5   Thumb Code    18  gd32f1x0_usart.o(.text)
    usart_smartcard_mode_nack_disable        0x08003ce7   Thumb Code    18  gd32f1x0_usart.o(.text)
    usart_guard_time_config                  0x08003cf9   Thumb Code    36  gd32f1x0_usart.o(.text)
    usart_block_length_config                0x08003d1d   Thumb Code    24  gd32f1x0_usart.o(.text)
    usart_smartcard_autoretry_config         0x08003d35   Thumb Code    32  gd32f1x0_usart.o(.text)
    usart_irda_mode_enable                   0x08003d55   Thumb Code    18  gd32f1x0_usart.o(.text)
    usart_irda_mode_disable                  0x08003d67   Thumb Code    18  gd32f1x0_usart.o(.text)
    usart_irda_lowpower_config               0x08003d79   Thumb Code    20  gd32f1x0_usart.o(.text)
    usart_prescaler_config                   0x08003d8d   Thumb Code    24  gd32f1x0_usart.o(.text)
    usart_hardware_flow_rts_config           0x08003da5   Thumb Code    24  gd32f1x0_usart.o(.text)
    usart_hardware_flow_cts_config           0x08003dbd   Thumb Code    24  gd32f1x0_usart.o(.text)
    usart_rs485_driver_enable                0x08003dd5   Thumb Code    18  gd32f1x0_usart.o(.text)
    usart_rs485_driver_disable               0x08003de7   Thumb Code    18  gd32f1x0_usart.o(.text)
    usart_driver_assertime_config            0x08003df9   Thumb Code    32  gd32f1x0_usart.o(.text)
    usart_driver_deassertime_config          0x08003e19   Thumb Code    32  gd32f1x0_usart.o(.text)
    usart_depolarity_config                  0x08003e39   Thumb Code    28  gd32f1x0_usart.o(.text)
    usart_dma_receive_config                 0x08003e55   Thumb Code    16  gd32f1x0_usart.o(.text)
    usart_dma_transmit_config                0x08003e65   Thumb Code    16  gd32f1x0_usart.o(.text)
    usart_reception_error_dma_disable        0x08003e75   Thumb Code    18  gd32f1x0_usart.o(.text)
    usart_reception_error_dma_enable         0x08003e87   Thumb Code    18  gd32f1x0_usart.o(.text)
    usart_wakeup_enable                      0x08003e99   Thumb Code    10  gd32f1x0_usart.o(.text)
    usart_wakeup_disable                     0x08003ea3   Thumb Code    10  gd32f1x0_usart.o(.text)
    usart_wakeup_mode_config                 0x08003ead   Thumb Code    28  gd32f1x0_usart.o(.text)
    usart_flag_get                           0x08003ec9   Thumb Code    30  gd32f1x0_usart.o(.text)
    usart_flag_clear                         0x08003ee7   Thumb Code    18  gd32f1x0_usart.o(.text)
    usart_interrupt_enable                   0x08003ef9   Thumb Code    26  gd32f1x0_usart.o(.text)
    usart_interrupt_disable                  0x08003f13   Thumb Code    26  gd32f1x0_usart.o(.text)
    usart_command_enable                     0x08003f2d   Thumb Code     8  gd32f1x0_usart.o(.text)
    usart_interrupt_flag_get                 0x08003f35   Thumb Code    56  gd32f1x0_usart.o(.text)
    usart_interrupt_flag_clear               0x08003f6d   Thumb Code    18  gd32f1x0_usart.o(.text)
    Reset_Handler                            0x08003f81   Thumb Code     8  startup_gd32f1x0.o(.text)
    ADC_CMP_IRQHandler                       0x08003f9b   Thumb Code     0  startup_gd32f1x0.o(.text)
    CAN0_RX0_IRQHandler                      0x08003f9b   Thumb Code     0  startup_gd32f1x0.o(.text)
    CAN0_RX1_IRQHandler                      0x08003f9b   Thumb Code     0  startup_gd32f1x0.o(.text)
    CAN0_SCE_IRQHandler                      0x08003f9b   Thumb Code     0  startup_gd32f1x0.o(.text)
    CAN0_TX_IRQHandler                       0x08003f9b   Thumb Code     0  startup_gd32f1x0.o(.text)
    CAN1_RX0_IRQHandler                      0x08003f9b   Thumb Code     0  startup_gd32f1x0.o(.text)
    CAN1_RX1_IRQHandler                      0x08003f9b   Thumb Code     0  startup_gd32f1x0.o(.text)
    CAN1_SCE_IRQHandler                      0x08003f9b   Thumb Code     0  startup_gd32f1x0.o(.text)
    CAN1_TX_IRQHandler                       0x08003f9b   Thumb Code     0  startup_gd32f1x0.o(.text)
    CEC_IRQHandler                           0x08003f9b   Thumb Code     0  startup_gd32f1x0.o(.text)
    DMA_Channel5_6_IRQHandler                0x08003f9b   Thumb Code     0  startup_gd32f1x0.o(.text)
    EXTI0_1_IRQHandler                       0x08003f9b   Thumb Code     0  startup_gd32f1x0.o(.text)
    EXTI2_3_IRQHandler                       0x08003f9b   Thumb Code     0  startup_gd32f1x0.o(.text)
    EXTI4_15_IRQHandler                      0x08003f9b   Thumb Code     0  startup_gd32f1x0.o(.text)
    FMC_IRQHandler                           0x08003f9b   Thumb Code     0  startup_gd32f1x0.o(.text)
    I2C0_ER_IRQHandler                       0x08003f9b   Thumb Code     0  startup_gd32f1x0.o(.text)
    I2C0_EV_IRQHandler                       0x08003f9b   Thumb Code     0  startup_gd32f1x0.o(.text)
    I2C1_ER_IRQHandler                       0x08003f9b   Thumb Code     0  startup_gd32f1x0.o(.text)
    I2C1_EV_IRQHandler                       0x08003f9b   Thumb Code     0  startup_gd32f1x0.o(.text)
    I2C2_ER_IRQHandler                       0x08003f9b   Thumb Code     0  startup_gd32f1x0.o(.text)
    I2C2_EV_IRQHandler                       0x08003f9b   Thumb Code     0  startup_gd32f1x0.o(.text)
    LVD_IRQHandler                           0x08003f9b   Thumb Code     0  startup_gd32f1x0.o(.text)
    RCU_IRQHandler                           0x08003f9b   Thumb Code     0  startup_gd32f1x0.o(.text)
    RTC_IRQHandler                           0x08003f9b   Thumb Code     0  startup_gd32f1x0.o(.text)
    SLCD_IRQHandler                          0x08003f9b   Thumb Code     0  startup_gd32f1x0.o(.text)
    SPI0_IRQHandler                          0x08003f9b   Thumb Code     0  startup_gd32f1x0.o(.text)
    SPI1_IRQHandler                          0x08003f9b   Thumb Code     0  startup_gd32f1x0.o(.text)
    SPI2_IRQHandler                          0x08003f9b   Thumb Code     0  startup_gd32f1x0.o(.text)
    TIMER0_Channel_IRQHandler                0x08003f9b   Thumb Code     0  startup_gd32f1x0.o(.text)
    TIMER14_IRQHandler                       0x08003f9b   Thumb Code     0  startup_gd32f1x0.o(.text)
    TIMER15_IRQHandler                       0x08003f9b   Thumb Code     0  startup_gd32f1x0.o(.text)
    TIMER16_IRQHandler                       0x08003f9b   Thumb Code     0  startup_gd32f1x0.o(.text)
    TIMER1_IRQHandler                        0x08003f9b   Thumb Code     0  startup_gd32f1x0.o(.text)
    TIMER2_IRQHandler                        0x08003f9b   Thumb Code     0  startup_gd32f1x0.o(.text)
    TIMER5_DAC_IRQHandler                    0x08003f9b   Thumb Code     0  startup_gd32f1x0.o(.text)
    TSI_IRQHandler                           0x08003f9b   Thumb Code     0  startup_gd32f1x0.o(.text)
    USART0_IRQHandler                        0x08003f9b   Thumb Code     0  startup_gd32f1x0.o(.text)
    USART1_IRQHandler                        0x08003f9b   Thumb Code     0  startup_gd32f1x0.o(.text)
    USBDWakeUp_IRQHandler                    0x08003f9b   Thumb Code     0  startup_gd32f1x0.o(.text)
    USBD_HP_IRQHandler                       0x08003f9b   Thumb Code     0  startup_gd32f1x0.o(.text)
    USBD_LP_IRQHandler                       0x08003f9b   Thumb Code     0  startup_gd32f1x0.o(.text)
    WWDGT_IRQHandler                         0x08003f9b   Thumb Code     0  startup_gd32f1x0.o(.text)
    __user_initial_stackheap                 0x08003f9d   Thumb Code    10  startup_gd32f1x0.o(.text)
    SystemInit                               0x08004033   Thumb Code   118  system_gd32f1x0.o(.text)
    SystemCoreClockUpdate                    0x080040a9   Thumb Code   208  system_gd32f1x0.o(.text)
    __c89vsnprintf                           0x080041ad   Thumb Code    48  c89vsnprintf.o(.text)
    __2sprintf                               0x080041e1   Thumb Code    38  __2sprintf.o(.text)
    __printf                                 0x0800420d   Thumb Code   388  __printf_flags_ss_wp.o(.text)
    __aeabi_memcpy4                          0x08004395   Thumb Code     0  rt_memcpy_w.o(.text)
    __aeabi_memcpy8                          0x08004395   Thumb Code     0  rt_memcpy_w.o(.text)
    __rt_memcpy_w                            0x08004395   Thumb Code   100  rt_memcpy_w.o(.text)
    _memcpy_lastbytes_aligned                0x080043dd   Thumb Code     0  rt_memcpy_w.o(.text)
    __use_two_region_memory                  0x080043f9   Thumb Code     2  heapauxi.o(.text)
    __rt_heap_escrow$2region                 0x080043fb   Thumb Code     2  heapauxi.o(.text)
    __rt_heap_expand$2region                 0x080043fd   Thumb Code     2  heapauxi.o(.text)
    _printf_pre_padding                      0x080043ff   Thumb Code    44  _printf_pad.o(.text)
    _printf_post_padding                     0x0800442b   Thumb Code    34  _printf_pad.o(.text)
    _printf_truncate_signed                  0x0800444d   Thumb Code    18  _printf_truncate.o(.text)
    _printf_truncate_unsigned                0x0800445f   Thumb Code    18  _printf_truncate.o(.text)
    _printf_str                              0x08004471   Thumb Code    82  _printf_str.o(.text)
    _printf_int_dec                          0x080044c5   Thumb Code   104  _printf_dec.o(.text)
    _printf_charcount                        0x0800453d   Thumb Code    40  _printf_charcount.o(.text)
    __lib_sel_fp_printf                      0x08004565   Thumb Code     2  _printf_fp_dec.o(.text)
    _printf_fp_dec_real                      0x08004717   Thumb Code   620  _printf_fp_dec.o(.text)
    _printf_char_common                      0x0800498f   Thumb Code    32  _printf_char_common.o(.text)
    _sputc                                   0x080049b5   Thumb Code    10  _sputc.o(.text)
    _snputc                                  0x080049bf   Thumb Code    16  _snputc.o(.text)
    _printf_wctomb                           0x080049d1   Thumb Code   182  _printf_wctomb.o(.text)
    _printf_longlong_dec                     0x08004a8d   Thumb Code   108  _printf_longlong_dec.o(.text)
    _printf_longlong_oct                     0x08004b09   Thumb Code    66  _printf_oct_int_ll.o(.text)
    _printf_int_oct                          0x08004b4b   Thumb Code    24  _printf_oct_int_ll.o(.text)
    _printf_ll_oct                           0x08004b63   Thumb Code    12  _printf_oct_int_ll.o(.text)
    _printf_longlong_hex                     0x08004b79   Thumb Code    86  _printf_hex_int_ll_ptr.o(.text)
    _printf_int_hex                          0x08004bcf   Thumb Code    28  _printf_hex_int_ll_ptr.o(.text)
    _printf_ll_hex                           0x08004beb   Thumb Code    12  _printf_hex_int_ll_ptr.o(.text)
    _printf_hex_ptr                          0x08004bf7   Thumb Code    18  _printf_hex_int_ll_ptr.o(.text)
    __rt_locale                              0x08004c0d   Thumb Code     8  rt_locale_intlibspace.o(.text)
    _ll_udiv10                               0x08004c15   Thumb Code   138  lludiv10.o(.text)
    _printf_int_common                       0x08004c9f   Thumb Code   178  _printf_intcommon.o(.text)
    _printf_fp_infnan                        0x08004d51   Thumb Code   112  _printf_fp_infnan.o(.text)
    _printf_cs_common                        0x08004dd1   Thumb Code    20  _printf_char.o(.text)
    _printf_char                             0x08004de5   Thumb Code    16  _printf_char.o(.text)
    _printf_string                           0x08004df5   Thumb Code     8  _printf_char.o(.text)
    _printf_lcs_common                       0x08004dfd   Thumb Code    20  _printf_wchar.o(.text)
    _printf_wchar                            0x08004e11   Thumb Code    16  _printf_wchar.o(.text)
    _printf_wstring                          0x08004e21   Thumb Code     8  _printf_wchar.o(.text)
    _btod_etento                             0x08004e29   Thumb Code   224  bigflt0.o(.text)
    _wcrtomb                                 0x08004f0d   Thumb Code    64  _wcrtomb.o(.text)
    __user_libspace                          0x08004f4d   Thumb Code     8  libspace.o(.text)
    __user_perproc_libspace                  0x08004f4d   Thumb Code     0  libspace.o(.text)
    __user_perthread_libspace                0x08004f4d   Thumb Code     0  libspace.o(.text)
    __user_setup_stackheap                   0x08004f55   Thumb Code    74  sys_stackheap_outer.o(.text)
    __rt_ctype_table                         0x08004fa1   Thumb Code    16  rt_ctype_table.o(.text)
    exit                                     0x08004fb1   Thumb Code    18  exit.o(.text)
    strcmp                                   0x08004fc5   Thumb Code   128  strcmpv7m.o(.text)
    _sys_exit                                0x08005045   Thumb Code     8  sys_exit.o(.text)
    __I$use$semihosting                      0x08005051   Thumb Code     0  use_no_semi.o(.text)
    __use_no_semihosting_swi                 0x08005051   Thumb Code     2  use_no_semi.o(.text)
    __semihosting_library_function           0x08005053   Thumb Code     0  indicate_semi.o(.text)
    _btod_d2e                                0x08005053   Thumb Code    62  btod.o(CL$$btod_d2e)
    _d2e_denorm_low                          0x08005091   Thumb Code    70  btod.o(CL$$btod_d2e_denorm_low)
    _d2e_norm_op1                            0x080050d7   Thumb Code    96  btod.o(CL$$btod_d2e_norm_op1)
    __btod_div_common                        0x08005137   Thumb Code   696  btod.o(CL$$btod_div_common)
    _e2e                                     0x0800546f   Thumb Code   220  btod.o(CL$$btod_e2e)
    _btod_ediv                               0x0800554b   Thumb Code    42  btod.o(CL$$btod_ediv)
    _btod_emul                               0x08005575   Thumb Code    42  btod.o(CL$$btod_emul)
    __btod_mult_common                       0x0800559f   Thumb Code   580  btod.o(CL$$btod_mult_common)
    __ARM_fpclassify                         0x080057e3   Thumb Code    40  fpclassify.o(i.__ARM_fpclassify)
    _is_digit                                0x0800580b   Thumb Code    14  __printf_wp.o(i._is_digit)
    blockPWM                                 0x08005819   Thumb Code   106  bldc.o(i.blockPWM)
    _get_lc_numeric                          0x08005885   Thumb Code    44  lc_numeric_c.o(locale$$code)
    _get_lc_ctype                            0x080058b1   Thumb Code    44  lc_ctype_c.o(locale$$code)
    __aeabi_d2f                              0x080058dd   Thumb Code     0  d2f.o(x$fpl$d2f)
    _d2f                                     0x080058dd   Thumb Code    98  d2f.o(x$fpl$d2f)
    __aeabi_dadd                             0x08005941   Thumb Code     0  daddsub_clz.o(x$fpl$dadd)
    _dadd                                    0x08005941   Thumb Code   332  daddsub_clz.o(x$fpl$dadd)
    __fpl_dcmp_Inf                           0x08005a91   Thumb Code    24  dcmpi.o(x$fpl$dcmpinf)
    __aeabi_ddiv                             0x08005aa9   Thumb Code     0  ddiv.o(x$fpl$ddiv)
    _ddiv                                    0x08005aa9   Thumb Code   552  ddiv.o(x$fpl$ddiv)
    __aeabi_i2d                              0x08005d59   Thumb Code     0  dflt_clz.o(x$fpl$dflt)
    _dflt                                    0x08005d59   Thumb Code    46  dflt_clz.o(x$fpl$dflt)
    __aeabi_ui2d                             0x08005d87   Thumb Code     0  dflt_clz.o(x$fpl$dfltu)
    _dfltu                                   0x08005d87   Thumb Code    38  dflt_clz.o(x$fpl$dfltu)
    __aeabi_cdcmple                          0x08005dad   Thumb Code     0  dleqf.o(x$fpl$dleqf)
    _dcmple                                  0x08005dad   Thumb Code   120  dleqf.o(x$fpl$dleqf)
    __fpl_dcmple_InfNaN                      0x08005e0f   Thumb Code     0  dleqf.o(x$fpl$dleqf)
    __aeabi_dmul                             0x08005e25   Thumb Code     0  dmul.o(x$fpl$dmul)
    _dmul                                    0x08005e25   Thumb Code   332  dmul.o(x$fpl$dmul)
    __fpl_dnaninf                            0x08005f79   Thumb Code   156  dnaninf.o(x$fpl$dnaninf)
    __fpl_dretinf                            0x08006015   Thumb Code    12  dretinf.o(x$fpl$dretinf)
    __aeabi_dsub                             0x08006021   Thumb Code     0  daddsub_clz.o(x$fpl$dsub)
    _dsub                                    0x08006021   Thumb Code   464  daddsub_clz.o(x$fpl$dsub)
    __aeabi_f2d                              0x080061f5   Thumb Code     0  f2d.o(x$fpl$f2d)
    _f2d                                     0x080061f5   Thumb Code    86  f2d.o(x$fpl$f2d)
    __aeabi_fdiv                             0x0800624d   Thumb Code     0  fdiv.o(x$fpl$fdiv)
    _fdiv                                    0x0800624d   Thumb Code   384  fdiv.o(x$fpl$fdiv)
    __aeabi_ui2f                             0x080063d1   Thumb Code     0  fflt_clz.o(x$fpl$ffltu)
    _ffltu                                   0x080063d1   Thumb Code    38  fflt_clz.o(x$fpl$ffltu)
    __fpl_fnaninf                            0x080063f7   Thumb Code   140  fnaninf.o(x$fpl$fnaninf)
    __fpl_fretinf                            0x08006483   Thumb Code    10  fretinf.o(x$fpl$fretinf)
    _printf_fp_dec                           0x0800648d   Thumb Code     4  printf1.o(x$fpl$printf1)
    __I$use$fp                               0x08006490   Number         0  usenofp.o(x$fpl$usenofp)
    pwm_res                                  0x08006490   Data           2  bldc.o(.constdata)
    hall_to_pos                              0x08006492   Data           8  bldc.o(.constdata)
    Region$$Table$$Base                      0x08006570   Number         0  anon$$obj.o(Region$$Table)
    Region$$Table$$Limit                     0x08006590   Number         0  anon$$obj.o(Region$$Table)
    __ctype                                  0x080065b9   Data           0  lc_ctype_c.o(locale$$data)
    bldc_counter                             0x20000000   Data           4  main.o(.data)
    steer                                    0x20000004   Data           4  main.o(.data)
    speed                                    0x20000008   Data           4  main.o(.data)
    activateWeakening                        0x2000000c   Data           1  main.o(.data)
    beepsBackwards                           0x2000000d   Data           1  main.o(.data)
    slaveError                               0x2000000e   Data           1  main.o(.data)
    inactivity_timeout_counter               0x20000010   Data           4  main.o(.data)
    steerCounter                             0x20000014   Data           4  main.o(.data)
    alpha                                    0x20000018   Data           4  main.o(.data)
    batteryVoltage                           0x2000001c   Data           4  bldc.o(.data)
    currentDC                                0x20000020   Data           4  bldc.o(.data)
    realSpeed                                0x20000024   Data           4  bldc.o(.data)
    bldc_inputFilterPwm                      0x20000028   Data           2  bldc.o(.data)
    bldc_enable                              0x2000002a   Data           1  bldc.o(.data)
    adc_buffer                               0x2000002c   Data           4  bldc.o(.data)
    hall_a                                   0x20000030   Data           1  bldc.o(.data)
    hall_b                                   0x20000031   Data           1  bldc.o(.data)
    hall_c                                   0x20000032   Data           1  bldc.o(.data)
    hall                                     0x20000033   Data           1  bldc.o(.data)
    pos                                      0x20000034   Data           1  bldc.o(.data)
    lastPos                                  0x20000035   Data           1  bldc.o(.data)
    bldc_outputFilterPwm                     0x20000036   Data           2  bldc.o(.data)
    filter_reg                               0x20000038   Data           4  bldc.o(.data)
    buzzerToggle                             0x2000003c   Data           1  bldc.o(.data)
    buzzerFreq                               0x2000003d   Data           1  bldc.o(.data)
    buzzerPattern                            0x2000003e   Data           1  bldc.o(.data)
    buzzerTimer                              0x20000040   Data           2  bldc.o(.data)
    offsetcount                              0x20000042   Data           2  bldc.o(.data)
    offsetdc                                 0x20000044   Data           2  bldc.o(.data)
    speedCounter                             0x20000048   Data           4  bldc.o(.data)
    usartMasterSlave_rx_buf                  0x2000004c   Data           1  setup.o(.data)
    usartSteer_COM_rx_buf                    0x2000004d   Data           1  setup.o(.data)
    msTicks                                  0x20000050   Data           4  it.o(.data)
    timeoutCounter_ms                        0x20000054   Data           4  it.o(.data)
    timedOut                                 0x20000058   Data           1  it.o(.data)
    SystemCoreClock                          0x2000006c   Data           4  system_gd32f1x0.o(.data)
    log_buffer                               0x20000070   Data        1024  main.o(.bss)
    timeoutTimer_paramter_struct             0x20000470   Data          16  setup.o(.bss)
    timerBldc_paramter_struct                0x20000480   Data          16  setup.o(.bss)
    timerBldc_break_parameter_struct         0x20000490   Data          14  setup.o(.bss)
    timerBldc_oc_parameter_struct            0x2000049e   Data          12  setup.o(.bss)
    dma_init_struct_usart                    0x200004ac   Data          36  setup.o(.bss)
    dma_init_struct_adc                      0x200004d0   Data          36  setup.o(.bss)
    __libspace_start                         0x200004f4   Data          96  libspace.o(.bss)
    __temporary_stack_top$libspace           0x20000554   Data           0  libspace.o(.bss)



==============================================================================

Memory Map of the image

  Image Entry point : 0x08000169

  Load Region LR_IROM1 (Base: 0x08000000, Size: 0x0000672c, Max: 0x00008000, ABSOLUTE)

    Execution Region ER_IROM1 (Exec base: 0x08000000, Load base: 0x08000000, Size: 0x000066bc, Max: 0x00008000, ABSOLUTE)

    Exec Addr    Load Addr    Size         Type   Attr      Idx    E Section Name        Object

    0x08000000   0x08000000   0x00000168   Data   RO          717    RESET               startup_gd32f1x0.o
    0x08000168   0x08000168   0x00000008   Code   RO          788  * !!!main             c_w.l(__main.o)
    0x08000170   0x08000170   0x00000034   Code   RO         1122    !!!scatter          c_w.l(__scatter.o)
    0x080001a4   0x080001a4   0x0000001a   Code   RO         1124    !!handler_copy      c_w.l(__scatter_copy.o)
    0x080001be   0x080001be   0x00000002   PAD
    0x080001c0   0x080001c0   0x0000001c   Code   RO         1126    !!handler_zi        c_w.l(__scatter_zi.o)
    0x080001dc   0x080001dc   0x00000000   Code   RO          783    .ARM.Collect$$_printf_percent$$00000000  c_w.l(_printf_percent.o)
    0x080001dc   0x080001dc   0x00000006   Code   RO          879    .ARM.Collect$$_printf_percent$$00000001  c_w.l(_printf_n.o)
    0x080001e2   0x080001e2   0x00000006   Code   RO          881    .ARM.Collect$$_printf_percent$$00000002  c_w.l(_printf_p.o)
    0x080001e8   0x080001e8   0x00000006   Code   RO          782    .ARM.Collect$$_printf_percent$$00000003  c_w.l(_printf_f.o)
    0x080001ee   0x080001ee   0x00000006   Code   RO          886    .ARM.Collect$$_printf_percent$$00000004  c_w.l(_printf_e.o)
    0x080001f4   0x080001f4   0x00000006   Code   RO          887    .ARM.Collect$$_printf_percent$$00000005  c_w.l(_printf_g.o)
    0x080001fa   0x080001fa   0x00000006   Code   RO          888    .ARM.Collect$$_printf_percent$$00000006  c_w.l(_printf_a.o)
    0x08000200   0x08000200   0x0000000a   Code   RO          893    .ARM.Collect$$_printf_percent$$00000007  c_w.l(_printf_ll.o)
    0x0800020a   0x0800020a   0x00000006   Code   RO          883    .ARM.Collect$$_printf_percent$$00000008  c_w.l(_printf_i.o)
    0x08000210   0x08000210   0x00000006   Code   RO          884    .ARM.Collect$$_printf_percent$$00000009  c_w.l(_printf_d.o)
    0x08000216   0x08000216   0x00000006   Code   RO          885    .ARM.Collect$$_printf_percent$$0000000A  c_w.l(_printf_u.o)
    0x0800021c   0x0800021c   0x00000006   Code   RO          882    .ARM.Collect$$_printf_percent$$0000000B  c_w.l(_printf_o.o)
    0x08000222   0x08000222   0x00000006   Code   RO          880    .ARM.Collect$$_printf_percent$$0000000C  c_w.l(_printf_x.o)
    0x08000228   0x08000228   0x00000006   Code   RO          890    .ARM.Collect$$_printf_percent$$0000000D  c_w.l(_printf_lli.o)
    0x0800022e   0x0800022e   0x00000006   Code   RO          891    .ARM.Collect$$_printf_percent$$0000000E  c_w.l(_printf_lld.o)
    0x08000234   0x08000234   0x00000006   Code   RO          892    .ARM.Collect$$_printf_percent$$0000000F  c_w.l(_printf_llu.o)
    0x0800023a   0x0800023a   0x00000006   Code   RO          897    .ARM.Collect$$_printf_percent$$00000010  c_w.l(_printf_llo.o)
    0x08000240   0x08000240   0x00000006   Code   RO          898    .ARM.Collect$$_printf_percent$$00000011  c_w.l(_printf_llx.o)
    0x08000246   0x08000246   0x0000000a   Code   RO          894    .ARM.Collect$$_printf_percent$$00000012  c_w.l(_printf_l.o)
    0x08000250   0x08000250   0x00000006   Code   RO          877    .ARM.Collect$$_printf_percent$$00000013  c_w.l(_printf_c.o)
    0x08000256   0x08000256   0x00000006   Code   RO          878    .ARM.Collect$$_printf_percent$$00000014  c_w.l(_printf_s.o)
    0x0800025c   0x0800025c   0x00000006   Code   RO          895    .ARM.Collect$$_printf_percent$$00000015  c_w.l(_printf_lc.o)
    0x08000262   0x08000262   0x00000006   Code   RO          896    .ARM.Collect$$_printf_percent$$00000016  c_w.l(_printf_ls.o)
    0x08000268   0x08000268   0x00000004   Code   RO          889    .ARM.Collect$$_printf_percent$$00000017  c_w.l(_printf_percent_end.o)
    0x0800026c   0x0800026c   0x00000002   Code   RO          992    .ARM.Collect$$libinit$$00000000  c_w.l(libinit.o)
    0x0800026e   0x0800026e   0x00000000   Code   RO          994    .ARM.Collect$$libinit$$00000002  c_w.l(libinit2.o)
    0x0800026e   0x0800026e   0x00000000   Code   RO          996    .ARM.Collect$$libinit$$00000004  c_w.l(libinit2.o)
    0x0800026e   0x0800026e   0x00000000   Code   RO          999    .ARM.Collect$$libinit$$0000000A  c_w.l(libinit2.o)
    0x0800026e   0x0800026e   0x00000000   Code   RO         1001    .ARM.Collect$$libinit$$0000000C  c_w.l(libinit2.o)
    0x0800026e   0x0800026e   0x00000000   Code   RO         1003    .ARM.Collect$$libinit$$0000000E  c_w.l(libinit2.o)
    0x0800026e   0x0800026e   0x00000006   Code   RO         1004    .ARM.Collect$$libinit$$0000000F  c_w.l(libinit2.o)
    0x08000274   0x08000274   0x00000000   Code   RO         1006    .ARM.Collect$$libinit$$00000011  c_w.l(libinit2.o)
    0x08000274   0x08000274   0x0000000c   Code   RO         1007    .ARM.Collect$$libinit$$00000012  c_w.l(libinit2.o)
    0x08000280   0x08000280   0x00000000   Code   RO         1008    .ARM.Collect$$libinit$$00000013  c_w.l(libinit2.o)
    0x08000280   0x08000280   0x00000000   Code   RO         1010    .ARM.Collect$$libinit$$00000015  c_w.l(libinit2.o)
    0x08000280   0x08000280   0x0000000a   Code   RO         1011    .ARM.Collect$$libinit$$00000016  c_w.l(libinit2.o)
    0x0800028a   0x0800028a   0x00000000   Code   RO         1012    .ARM.Collect$$libinit$$00000017  c_w.l(libinit2.o)
    0x0800028a   0x0800028a   0x00000000   Code   RO         1014    .ARM.Collect$$libinit$$00000019  c_w.l(libinit2.o)
    0x0800028a   0x0800028a   0x00000000   Code   RO         1016    .ARM.Collect$$libinit$$0000001B  c_w.l(libinit2.o)
    0x0800028a   0x0800028a   0x00000000   Code   RO         1018    .ARM.Collect$$libinit$$0000001D  c_w.l(libinit2.o)
    0x0800028a   0x0800028a   0x00000000   Code   RO         1020    .ARM.Collect$$libinit$$0000001F  c_w.l(libinit2.o)
    0x0800028a   0x0800028a   0x00000000   Code   RO         1022    .ARM.Collect$$libinit$$00000021  c_w.l(libinit2.o)
    0x0800028a   0x0800028a   0x00000000   Code   RO         1024    .ARM.Collect$$libinit$$00000023  c_w.l(libinit2.o)
    0x0800028a   0x0800028a   0x00000000   Code   RO         1026    .ARM.Collect$$libinit$$00000025  c_w.l(libinit2.o)
    0x0800028a   0x0800028a   0x00000000   Code   RO         1030    .ARM.Collect$$libinit$$0000002C  c_w.l(libinit2.o)
    0x0800028a   0x0800028a   0x00000000   Code   RO         1032    .ARM.Collect$$libinit$$0000002E  c_w.l(libinit2.o)
    0x0800028a   0x0800028a   0x00000000   Code   RO         1034    .ARM.Collect$$libinit$$00000030  c_w.l(libinit2.o)
    0x0800028a   0x0800028a   0x00000000   Code   RO         1036    .ARM.Collect$$libinit$$00000032  c_w.l(libinit2.o)
    0x0800028a   0x0800028a   0x00000002   Code   RO         1037    .ARM.Collect$$libinit$$00000033  c_w.l(libinit2.o)
    0x0800028c   0x0800028c   0x00000002   Code   RO         1070    .ARM.Collect$$libshutdown$$00000000  c_w.l(libshutdown.o)
    0x0800028e   0x0800028e   0x00000000   Code   RO         1081    .ARM.Collect$$libshutdown$$00000002  c_w.l(libshutdown2.o)
    0x0800028e   0x0800028e   0x00000000   Code   RO         1083    .ARM.Collect$$libshutdown$$00000004  c_w.l(libshutdown2.o)
    0x0800028e   0x0800028e   0x00000000   Code   RO         1086    .ARM.Collect$$libshutdown$$00000007  c_w.l(libshutdown2.o)
    0x0800028e   0x0800028e   0x00000000   Code   RO         1089    .ARM.Collect$$libshutdown$$0000000A  c_w.l(libshutdown2.o)
    0x0800028e   0x0800028e   0x00000000   Code   RO         1091    .ARM.Collect$$libshutdown$$0000000C  c_w.l(libshutdown2.o)
    0x0800028e   0x0800028e   0x00000000   Code   RO         1094    .ARM.Collect$$libshutdown$$0000000F  c_w.l(libshutdown2.o)
    0x0800028e   0x0800028e   0x00000002   Code   RO         1095    .ARM.Collect$$libshutdown$$00000010  c_w.l(libshutdown2.o)
    0x08000290   0x08000290   0x00000000   Code   RO          826    .ARM.Collect$$rtentry$$00000000  c_w.l(__rtentry.o)
    0x08000290   0x08000290   0x00000000   Code   RO          911    .ARM.Collect$$rtentry$$00000002  c_w.l(__rtentry2.o)
    0x08000290   0x08000290   0x00000006   Code   RO          923    .ARM.Collect$$rtentry$$00000004  c_w.l(__rtentry4.o)
    0x08000296   0x08000296   0x00000000   Code   RO          913    .ARM.Collect$$rtentry$$00000009  c_w.l(__rtentry2.o)
    0x08000296   0x08000296   0x00000004   Code   RO          914    .ARM.Collect$$rtentry$$0000000A  c_w.l(__rtentry2.o)
    0x0800029a   0x0800029a   0x00000000   Code   RO          916    .ARM.Collect$$rtentry$$0000000C  c_w.l(__rtentry2.o)
    0x0800029a   0x0800029a   0x00000008   Code   RO          917    .ARM.Collect$$rtentry$$0000000D  c_w.l(__rtentry2.o)
    0x080002a2   0x080002a2   0x00000002   Code   RO         1038    .ARM.Collect$$rtexit$$00000000  c_w.l(rtexit.o)
    0x080002a4   0x080002a4   0x00000000   Code   RO         1048    .ARM.Collect$$rtexit$$00000002  c_w.l(rtexit2.o)
    0x080002a4   0x080002a4   0x00000004   Code   RO         1049    .ARM.Collect$$rtexit$$00000003  c_w.l(rtexit2.o)
    0x080002a8   0x080002a8   0x00000006   Code   RO         1050    .ARM.Collect$$rtexit$$00000004  c_w.l(rtexit2.o)
    0x080002ae   0x080002ae   0x00000002   PAD
    0x080002b0   0x080002b0   0x000002f0   Code   RO            4    .text               main.o
    0x080005a0   0x080005a0   0x00000398   Code   RO          164    .text               bldc.o
    0x08000938   0x08000938   0x00000730   Code   RO          203    .text               setup.o
    0x08001068   0x08001068   0x00000100   Code   RO          232    .text               it.o
    0x08001168   0x08001168   0x00000070   Code   RO          266    .text               comms.o
    0x080011d8   0x080011d8   0x000000d8   Code   RO          324    .text               commssteering.o
    0x080012b0   0x080012b0   0x000001a8   Code   RO          351    .text               commsmasterslave.o
    0x08001458   0x08001458   0x00000684   Code   RO          402    .text               gd32f1x0_adc.o
    0x08001adc   0x08001adc   0x000004b4   Code   RO          450    .text               gd32f1x0_dma.o
    0x08001f90   0x08001f90   0x000000cc   Code   RO          474    .text               gd32f1x0_fwdgt.o
    0x0800205c   0x0800205c   0x000001dc   Code   RO          498    .text               gd32f1x0_gpio.o
    0x08002238   0x08002238   0x00000124   Code   RO          546    .text               gd32f1x0_misc.o
    0x0800235c   0x0800235c   0x000008a8   Code   RO          598    .text               gd32f1x0_rcu.o
    0x08002c04   0x08002c04   0x00000d2a   Code   RO          646    .text               gd32f1x0_timer.o
    0x0800392e   0x0800392e   0x00000002   PAD
    0x08003930   0x08003930   0x0000064e   Code   RO          670    .text               gd32f1x0_usart.o
    0x08003f7e   0x08003f7e   0x00000002   PAD
    0x08003f80   0x08003f80   0x00000040   Code   RO          718    .text               startup_gd32f1x0.o
    0x08003fc0   0x08003fc0   0x000001ec   Code   RO          725    .text               system_gd32f1x0.o
    0x080041ac   0x080041ac   0x00000034   Code   RO          754    .text               c_w.l(c89vsnprintf.o)
    0x080041e0   0x080041e0   0x0000002c   Code   RO          756    .text               c_w.l(__2sprintf.o)
    0x0800420c   0x0800420c   0x00000188   Code   RO          779    .text               c_w.l(__printf_flags_ss_wp.o)
    0x08004394   0x08004394   0x00000064   Code   RO          784    .text               c_w.l(rt_memcpy_w.o)
    0x080043f8   0x080043f8   0x00000006   Code   RO          786    .text               c_w.l(heapauxi.o)
    0x080043fe   0x080043fe   0x0000004e   Code   RO          827    .text               c_w.l(_printf_pad.o)
    0x0800444c   0x0800444c   0x00000024   Code   RO          829    .text               c_w.l(_printf_truncate.o)
    0x08004470   0x08004470   0x00000052   Code   RO          831    .text               c_w.l(_printf_str.o)
    0x080044c2   0x080044c2   0x00000002   PAD
    0x080044c4   0x080044c4   0x00000078   Code   RO          833    .text               c_w.l(_printf_dec.o)
    0x0800453c   0x0800453c   0x00000028   Code   RO          835    .text               c_w.l(_printf_charcount.o)
    0x08004564   0x08004564   0x0000041e   Code   RO          837    .text               c_w.l(_printf_fp_dec.o)
    0x08004982   0x08004982   0x00000002   PAD
    0x08004984   0x08004984   0x00000030   Code   RO          839    .text               c_w.l(_printf_char_common.o)
    0x080049b4   0x080049b4   0x0000000a   Code   RO          841    .text               c_w.l(_sputc.o)
    0x080049be   0x080049be   0x00000010   Code   RO          843    .text               c_w.l(_snputc.o)
    0x080049ce   0x080049ce   0x00000002   PAD
    0x080049d0   0x080049d0   0x000000bc   Code   RO          845    .text               c_w.l(_printf_wctomb.o)
    0x08004a8c   0x08004a8c   0x0000007c   Code   RO          848    .text               c_w.l(_printf_longlong_dec.o)
    0x08004b08   0x08004b08   0x00000070   Code   RO          854    .text               c_w.l(_printf_oct_int_ll.o)
    0x08004b78   0x08004b78   0x00000094   Code   RO          874    .text               c_w.l(_printf_hex_int_ll_ptr.o)
    0x08004c0c   0x08004c0c   0x00000008   Code   RO          928    .text               c_w.l(rt_locale_intlibspace.o)
    0x08004c14   0x08004c14   0x0000008a   Code   RO          930    .text               c_w.l(lludiv10.o)
    0x08004c9e   0x08004c9e   0x000000b2   Code   RO          932    .text               c_w.l(_printf_intcommon.o)
    0x08004d50   0x08004d50   0x00000080   Code   RO          934    .text               c_w.l(_printf_fp_infnan.o)
    0x08004dd0   0x08004dd0   0x0000002c   Code   RO          938    .text               c_w.l(_printf_char.o)
    0x08004dfc   0x08004dfc   0x0000002c   Code   RO          940    .text               c_w.l(_printf_wchar.o)
    0x08004e28   0x08004e28   0x000000e4   Code   RO          942    .text               c_w.l(bigflt0.o)
    0x08004f0c   0x08004f0c   0x00000040   Code   RO          967    .text               c_w.l(_wcrtomb.o)
    0x08004f4c   0x08004f4c   0x00000008   Code   RO          976    .text               c_w.l(libspace.o)
    0x08004f54   0x08004f54   0x0000004a   Code   RO          979    .text               c_w.l(sys_stackheap_outer.o)
    0x08004f9e   0x08004f9e   0x00000002   PAD
    0x08004fa0   0x08004fa0   0x00000010   Code   RO          981    .text               c_w.l(rt_ctype_table.o)
    0x08004fb0   0x08004fb0   0x00000012   Code   RO          983    .text               c_w.l(exit.o)
    0x08004fc2   0x08004fc2   0x00000002   PAD
    0x08004fc4   0x08004fc4   0x00000080   Code   RO          985    .text               c_w.l(strcmpv7m.o)
    0x08005044   0x08005044   0x0000000c   Code   RO         1060    .text               c_w.l(sys_exit.o)
    0x08005050   0x08005050   0x00000002   Code   RO         1071    .text               c_w.l(use_no_semi.o)
    0x08005052   0x08005052   0x00000000   Code   RO         1073    .text               c_w.l(indicate_semi.o)
    0x08005052   0x08005052   0x0000003e   Code   RO          945    CL$$btod_d2e        c_w.l(btod.o)
    0x08005090   0x08005090   0x00000046   Code   RO          947    CL$$btod_d2e_denorm_low  c_w.l(btod.o)
    0x080050d6   0x080050d6   0x00000060   Code   RO          946    CL$$btod_d2e_norm_op1  c_w.l(btod.o)
    0x08005136   0x08005136   0x00000338   Code   RO          955    CL$$btod_div_common  c_w.l(btod.o)
    0x0800546e   0x0800546e   0x000000dc   Code   RO          952    CL$$btod_e2e        c_w.l(btod.o)
    0x0800554a   0x0800554a   0x0000002a   Code   RO          949    CL$$btod_ediv       c_w.l(btod.o)
    0x08005574   0x08005574   0x0000002a   Code   RO          948    CL$$btod_emul       c_w.l(btod.o)
    0x0800559e   0x0800559e   0x00000244   Code   RO          954    CL$$btod_mult_common  c_w.l(btod.o)
    0x080057e2   0x080057e2   0x00000028   Code   RO          974    i.__ARM_fpclassify  m_ws.l(fpclassify.o)
    0x0800580a   0x0800580a   0x0000000e   Code   RO          772    i._is_digit         c_w.l(__printf_wp.o)
    0x08005818   0x08005818   0x0000006a   Code   RO          186    i.blockPWM          bldc.o
    0x08005882   0x08005882   0x00000002   PAD
    0x08005884   0x08005884   0x0000002c   Code   RO          970    locale$$code        c_w.l(lc_numeric_c.o)
    0x080058b0   0x080058b0   0x0000002c   Code   RO         1041    locale$$code        c_w.l(lc_ctype_c.o)
    0x080058dc   0x080058dc   0x00000062   Code   RO          790    x$fpl$d2f           fz_ws.l(d2f.o)
    0x0800593e   0x0800593e   0x00000002   PAD
    0x08005940   0x08005940   0x00000150   Code   RO          792    x$fpl$dadd          fz_ws.l(daddsub_clz.o)
    0x08005a90   0x08005a90   0x00000018   Code   RO          899    x$fpl$dcmpinf       fz_ws.l(dcmpi.o)
    0x08005aa8   0x08005aa8   0x000002b0   Code   RO          799    x$fpl$ddiv          fz_ws.l(ddiv.o)
    0x08005d58   0x08005d58   0x0000002e   Code   RO          803    x$fpl$dflt          fz_ws.l(dflt_clz.o)
    0x08005d86   0x08005d86   0x00000026   Code   RO          802    x$fpl$dfltu         fz_ws.l(dflt_clz.o)
    0x08005dac   0x08005dac   0x00000078   Code   RO          808    x$fpl$dleqf         fz_ws.l(dleqf.o)
    0x08005e24   0x08005e24   0x00000154   Code   RO          810    x$fpl$dmul          fz_ws.l(dmul.o)
    0x08005f78   0x08005f78   0x0000009c   Code   RO          901    x$fpl$dnaninf       fz_ws.l(dnaninf.o)
    0x08006014   0x08006014   0x0000000c   Code   RO          903    x$fpl$dretinf       fz_ws.l(dretinf.o)
    0x08006020   0x08006020   0x000001d4   Code   RO          794    x$fpl$dsub          fz_ws.l(daddsub_clz.o)
    0x080061f4   0x080061f4   0x00000056   Code   RO          812    x$fpl$f2d           fz_ws.l(f2d.o)
    0x0800624a   0x0800624a   0x00000002   PAD
    0x0800624c   0x0800624c   0x00000184   Code   RO          815    x$fpl$fdiv          fz_ws.l(fdiv.o)
    0x080063d0   0x080063d0   0x00000026   Code   RO          818    x$fpl$ffltu         fz_ws.l(fflt_clz.o)
    0x080063f6   0x080063f6   0x0000008c   Code   RO          905    x$fpl$fnaninf       fz_ws.l(fnaninf.o)
    0x08006482   0x08006482   0x0000000a   Code   RO          907    x$fpl$fretinf       fz_ws.l(fretinf.o)
    0x0800648c   0x0800648c   0x00000004   Code   RO          824    x$fpl$printf1       fz_ws.l(printf1.o)
    0x08006490   0x08006490   0x00000000   Code   RO          909    x$fpl$usenofp       fz_ws.l(usenofp.o)
    0x08006490   0x08006490   0x0000000a   Data   RO          165    .constdata          bldc.o
    0x0800649a   0x0800649a   0x00000011   Data   RO          780    .constdata          c_w.l(__printf_flags_ss_wp.o)
    0x080064ab   0x080064ab   0x00000001   PAD
    0x080064ac   0x080064ac   0x00000008   Data   RO          846    .constdata          c_w.l(_printf_wctomb.o)
    0x080064b4   0x080064b4   0x00000028   Data   RO          875    .constdata          c_w.l(_printf_hex_int_ll_ptr.o)
    0x080064dc   0x080064dc   0x00000094   Data   RO          943    .constdata          c_w.l(bigflt0.o)
    0x08006570   0x08006570   0x00000020   Data   RO         1120    Region$$Table       anon$$obj.o
    0x08006590   0x08006590   0x0000001c   Data   RO          969    locale$$data        c_w.l(lc_numeric_c.o)
    0x080065ac   0x080065ac   0x00000110   Data   RO         1040    locale$$data        c_w.l(lc_ctype_c.o)


    Execution Region RW_IRAM1 (Exec base: 0x20000000, Load base: 0x080066bc, Size: 0x00000d58, Max: 0x00001000, ABSOLUTE)

    Exec Addr    Load Addr    Size         Type   Attr      Idx    E Section Name        Object

    0x20000000   0x080066bc   0x0000001c   Data   RW            7    .data               main.o
    0x2000001c   0x080066d8   0x00000030   Data   RW          166    .data               bldc.o
    0x2000004c   0x08006708   0x00000002   Data   RW          205    .data               setup.o
    0x2000004e   0x0800670a   0x00000002   PAD
    0x20000050   0x0800670c   0x00000009   Data   RW          233    .data               it.o
    0x20000059   0x08006715   0x0000000a   Data   RW          325    .data               commssteering.o
    0x20000063   0x0800671f   0x00000007   Data   RW          352    .data               commsmasterslave.o
    0x2000006a   0x08006726   0x00000002   PAD
    0x2000006c   0x08006728   0x00000004   Data   RW          726    .data               system_gd32f1x0.o
    0x20000070        -       0x00000400   Zero   RW            5    .bss                main.o
    0x20000470        -       0x00000084   Zero   RW          204    .bss                setup.o
    0x200004f4        -       0x00000060   Zero   RW          977    .bss                c_w.l(libspace.o)
    0x20000554   0x0800672c   0x00000004   PAD
    0x20000558        -       0x00000400   Zero   RW          716    HEAP                startup_gd32f1x0.o
    0x20000958        -       0x00000400   Zero   RW          715    STACK               startup_gd32f1x0.o


==============================================================================

Image component sizes


      Code (inc. data)   RO Data    RW Data    ZI Data      Debug   Object Name

      1026        142         10         48          0       3498   bldc.o
       112          0          0          0          0       1273   comms.o
       424         32          0          7          0       2844   commsmasterslave.o
       216         28          0         10          0       2093   commssteering.o
      1668         22          0          0          0       6905   gd32f1x0_adc.o
      1204          8          0          0          0       5851   gd32f1x0_dma.o
       204         10          0          0          0       1758   gd32f1x0_fwdgt.o
       476         10          0          0          0       3717   gd32f1x0_gpio.o
       292         22          0          0          0       1837   gd32f1x0_misc.o
      2216         90          0          0          0       9316   gd32f1x0_rcu.o
      3370         30          0          0          0      17860   gd32f1x0_timer.o
      1614         12          0          0          0      14145   gd32f1x0_usart.o
       256         30          0          9          0       2877   it.o
       752        164          0         28       1024      92274   main.o
      1840         72          0          2        132       3526   setup.o
        64         26        360          0       2048        880   startup_gd32f1x0.o
       492         52          0          4          0       2025   system_gd32f1x0.o

    ----------------------------------------------------------------------
     16232        750        402        112       3204     172679   Object Totals
         0          0         32          0          0          0   (incl. Generated)
         6          0          0          4          0          0   (incl. Padding)

    ----------------------------------------------------------------------

      Code (inc. data)   RO Data    RW Data    ZI Data      Debug   Library Member Name

        44          6          0          0          0         84   __2sprintf.o
         8          0          0          0          0         68   __main.o
       392          4         17          0          0         92   __printf_flags_ss_wp.o
        14          0          0          0          0         68   __printf_wp.o
         0          0          0          0          0          0   __rtentry.o
        12          0          0          0          0          0   __rtentry2.o
         6          0          0          0          0          0   __rtentry4.o
        52          8          0          0          0          0   __scatter.o
        26          0          0          0          0          0   __scatter_copy.o
        28          0          0          0          0          0   __scatter_zi.o
         6          0          0          0          0          0   _printf_a.o
         6          0          0          0          0          0   _printf_c.o
        44          0          0          0          0        108   _printf_char.o
        48          6          0          0          0         96   _printf_char_common.o
        40          0          0          0          0         68   _printf_charcount.o
         6          0          0          0          0          0   _printf_d.o
       120         16          0          0          0         92   _printf_dec.o
         6          0          0          0          0          0   _printf_e.o
         6          0          0          0          0          0   _printf_f.o
      1054          0          0          0          0        216   _printf_fp_dec.o
       128         16          0          0          0         84   _printf_fp_infnan.o
         6          0          0          0          0          0   _printf_g.o
       148          4         40          0          0        160   _printf_hex_int_ll_ptr.o
         6          0          0          0          0          0   _printf_i.o
       178          0          0          0          0         88   _printf_intcommon.o
        10          0          0          0          0          0   _printf_l.o
         6          0          0          0          0          0   _printf_lc.o
        10          0          0          0          0          0   _printf_ll.o
         6          0          0          0          0          0   _printf_lld.o
         6          0          0          0          0          0   _printf_lli.o
         6          0          0          0          0          0   _printf_llo.o
         6          0          0          0          0          0   _printf_llu.o
         6          0          0          0          0          0   _printf_llx.o
       124         16          0          0          0         92   _printf_longlong_dec.o
         6          0          0          0          0          0   _printf_ls.o
         6          0          0          0          0          0   _printf_n.o
         6          0          0          0          0          0   _printf_o.o
       112         10          0          0          0        124   _printf_oct_int_ll.o
         6          0          0          0          0          0   _printf_p.o
        78          0          0          0          0        108   _printf_pad.o
         0          0          0          0          0          0   _printf_percent.o
         4          0          0          0          0          0   _printf_percent_end.o
         6          0          0          0          0          0   _printf_s.o
        82          0          0          0          0         80   _printf_str.o
        36          0          0          0          0         84   _printf_truncate.o
         6          0          0          0          0          0   _printf_u.o
        44          0          0          0          0        108   _printf_wchar.o
       188          6          8          0          0         92   _printf_wctomb.o
         6          0          0          0          0          0   _printf_x.o
        16          0          0          0          0         68   _snputc.o
        10          0          0          0          0         68   _sputc.o
        64          0          0          0          0         92   _wcrtomb.o
       228          4        148          0          0         96   bigflt0.o
      1936        128          0          0          0        672   btod.o
        52          4          0          0          0         80   c89vsnprintf.o
        18          0          0          0          0         80   exit.o
         6          0          0          0          0        152   heapauxi.o
         0          0          0          0          0          0   indicate_semi.o
        44         10        272          0          0         76   lc_ctype_c.o
        44         10         28          0          0         76   lc_numeric_c.o
         2          0          0          0          0          0   libinit.o
        30          0          0          0          0          0   libinit2.o
         2          0          0          0          0          0   libshutdown.o
         2          0          0          0          0          0   libshutdown2.o
         8          4          0          0         96         68   libspace.o
       138          0          0          0          0         80   lludiv10.o
        16          4          0          0          0         76   rt_ctype_table.o
         8          4          0          0          0         68   rt_locale_intlibspace.o
       100          0          0          0          0         80   rt_memcpy_w.o
         2          0          0          0          0          0   rtexit.o
        10          0          0          0          0          0   rtexit2.o
       128          0          0          0          0         68   strcmpv7m.o
        12          4          0          0          0         68   sys_exit.o
        74          0          0          0          0         80   sys_stackheap_outer.o
         2          0          0          0          0         68   use_no_semi.o
        98          4          0          0          0         92   d2f.o
       804         16          0          0          0        272   daddsub_clz.o
        24          0          0          0          0         68   dcmpi.o
       688        140          0          0          0        208   ddiv.o
        84          0          0          0          0        136   dflt_clz.o
       120          4          0          0          0         92   dleqf.o
       340         12          0          0          0        104   dmul.o
       156          4          0          0          0         92   dnaninf.o
        12          0          0          0          0         68   dretinf.o
        86          4          0          0          0         84   f2d.o
       388         76          0          0          0         96   fdiv.o
        38          0          0          0          0         68   fflt_clz.o
       140          4          0          0          0         84   fnaninf.o
        10          0          0          0          0         68   fretinf.o
         4          0          0          0          0         68   printf1.o
         0          0          0          0          0          0   usenofp.o
        40          0          0          0          0         68   fpclassify.o

    ----------------------------------------------------------------------
      9152        528        514          0        100       5696   Library Totals
        18          0          1          0          4          0   (incl. Padding)

    ----------------------------------------------------------------------

      Code (inc. data)   RO Data    RW Data    ZI Data      Debug   Library Name

      6102        264        513          0         96       4028   c_w.l
      2992        264          0          0          0       1600   fz_ws.l
        40          0          0          0          0         68   m_ws.l

    ----------------------------------------------------------------------
      9152        528        514          0        100       5696   Library Totals

    ----------------------------------------------------------------------

==============================================================================


      Code (inc. data)   RO Data    RW Data    ZI Data      Debug   

     25384       1278        916        112       3304     173431   Grand Totals
     25384       1278        916        112       3304     173431   ELF Image Totals
     25384       1278        916        112          0          0   ROM Totals

==============================================================================

    Total RO  Size (Code + RO Data)                26300 (  25.68kB)
    Total RW  Size (RW Data + ZI Data)              3416 (   3.34kB)
    Total ROM Size (Code + RO Data + RW Data)      26412 (  25.79kB)

==============================================================================

